<?xml version="1.0"?>
<link_info>
   <banner>MSP430 Linker Unix v16.9.4.LTS</banner>
   <copyright>Copyright (c) 2003-2017 Texas Instruments Incorporated</copyright>
   <link_time>0x5ace6bd7</link_time>
   <link_errors>0x0</link_errors>
   <output_file>Magnetometer_modificated.18.12.17.out</output_file>
   <entry_point>
      <name>_c_int00_noargs_noexit</name>
      <address>0x8000</address>
   </entry_point>
   <input_file_list>
      <input_file id="fl-2">
         <path>./</path>
         <kind>object</kind>
         <file>flash.obj</file>
         <name>flash.obj</name>
      </input_file>
      <input_file id="fl-3">
         <path>./</path>
         <kind>object</kind>
         <file>i2c.obj</file>
         <name>i2c.obj</name>
      </input_file>
      <input_file id="fl-4">
         <path>./</path>
         <kind>object</kind>
         <file>imu.obj</file>
         <name>imu.obj</name>
      </input_file>
      <input_file id="fl-5">
         <path>./</path>
         <kind>object</kind>
         <file>main.obj</file>
         <name>main.obj</name>
      </input_file>
      <input_file id="fl-b">
         <kind>object</kind>
         <file>&lt;internal&gt;</file>
         <name>&lt;internal&gt;</name>
      </input_file>
      <input_file id="fl-26">
         <path>/opt/ti/ccsv7/tools/compiler/ti-cgt-msp430_16.9.4.LTS/lib/</path>
         <kind>archive</kind>
         <file>rts430x_lc_rd_eabi.lib</file>
         <name>addd.obj</name>
      </input_file>
      <input_file id="fl-27">
         <path>/opt/ti/ccsv7/tools/compiler/ti-cgt-msp430_16.9.4.LTS/lib/</path>
         <kind>archive</kind>
         <file>rts430x_lc_rd_eabi.lib</file>
         <name>boot.obj</name>
      </input_file>
      <input_file id="fl-28">
         <path>/opt/ti/ccsv7/tools/compiler/ti-cgt-msp430_16.9.4.LTS/lib/</path>
         <kind>archive</kind>
         <file>rts430x_lc_rd_eabi.lib</file>
         <name>boot_special.obj</name>
      </input_file>
      <input_file id="fl-29">
         <path>/opt/ti/ccsv7/tools/compiler/ti-cgt-msp430_16.9.4.LTS/lib/</path>
         <kind>archive</kind>
         <file>rts430x_lc_rd_eabi.lib</file>
         <name>copy_decompress_lzss.obj</name>
      </input_file>
      <input_file id="fl-2a">
         <path>/opt/ti/ccsv7/tools/compiler/ti-cgt-msp430_16.9.4.LTS/lib/</path>
         <kind>archive</kind>
         <file>rts430x_lc_rd_eabi.lib</file>
         <name>copy_decompress_none.obj</name>
      </input_file>
      <input_file id="fl-2b">
         <path>/opt/ti/ccsv7/tools/compiler/ti-cgt-msp430_16.9.4.LTS/lib/</path>
         <kind>archive</kind>
         <file>rts430x_lc_rd_eabi.lib</file>
         <name>copy_zero_init.obj</name>
      </input_file>
      <input_file id="fl-2c">
         <path>/opt/ti/ccsv7/tools/compiler/ti-cgt-msp430_16.9.4.LTS/lib/</path>
         <kind>archive</kind>
         <file>rts430x_lc_rd_eabi.lib</file>
         <name>cvtdf.obj</name>
      </input_file>
      <input_file id="fl-2d">
         <path>/opt/ti/ccsv7/tools/compiler/ti-cgt-msp430_16.9.4.LTS/lib/</path>
         <kind>archive</kind>
         <file>rts430x_lc_rd_eabi.lib</file>
         <name>divd.obj</name>
      </input_file>
      <input_file id="fl-2e">
         <path>/opt/ti/ccsv7/tools/compiler/ti-cgt-msp430_16.9.4.LTS/lib/</path>
         <kind>archive</kind>
         <file>rts430x_lc_rd_eabi.lib</file>
         <name>exit.obj</name>
      </input_file>
      <input_file id="fl-2f">
         <path>/opt/ti/ccsv7/tools/compiler/ti-cgt-msp430_16.9.4.LTS/lib/</path>
         <kind>archive</kind>
         <file>rts430x_lc_rd_eabi.lib</file>
         <name>exit_gvars.obj</name>
      </input_file>
      <input_file id="fl-30">
         <path>/opt/ti/ccsv7/tools/compiler/ti-cgt-msp430_16.9.4.LTS/lib/</path>
         <kind>archive</kind>
         <file>rts430x_lc_rd_eabi.lib</file>
         <name>fixdi.obj</name>
      </input_file>
      <input_file id="fl-31">
         <path>/opt/ti/ccsv7/tools/compiler/ti-cgt-msp430_16.9.4.LTS/lib/</path>
         <kind>archive</kind>
         <file>rts430x_lc_rd_eabi.lib</file>
         <name>fixdli.obj</name>
      </input_file>
      <input_file id="fl-32">
         <path>/opt/ti/ccsv7/tools/compiler/ti-cgt-msp430_16.9.4.LTS/lib/</path>
         <kind>archive</kind>
         <file>rts430x_lc_rd_eabi.lib</file>
         <name>fltid.obj</name>
      </input_file>
      <input_file id="fl-33">
         <path>/opt/ti/ccsv7/tools/compiler/ti-cgt-msp430_16.9.4.LTS/lib/</path>
         <kind>archive</kind>
         <file>rts430x_lc_rd_eabi.lib</file>
         <name>fltlid.obj</name>
      </input_file>
      <input_file id="fl-34">
         <path>/opt/ti/ccsv7/tools/compiler/ti-cgt-msp430_16.9.4.LTS/lib/</path>
         <kind>archive</kind>
         <file>rts430x_lc_rd_eabi.lib</file>
         <name>frcaddd.obj</name>
      </input_file>
      <input_file id="fl-35">
         <path>/opt/ti/ccsv7/tools/compiler/ti-cgt-msp430_16.9.4.LTS/lib/</path>
         <kind>archive</kind>
         <file>rts430x_lc_rd_eabi.lib</file>
         <name>frcdivd.obj</name>
      </input_file>
      <input_file id="fl-36">
         <path>/opt/ti/ccsv7/tools/compiler/ti-cgt-msp430_16.9.4.LTS/lib/</path>
         <kind>archive</kind>
         <file>rts430x_lc_rd_eabi.lib</file>
         <name>fs_add.obj</name>
      </input_file>
      <input_file id="fl-37">
         <path>/opt/ti/ccsv7/tools/compiler/ti-cgt-msp430_16.9.4.LTS/lib/</path>
         <kind>archive</kind>
         <file>rts430x_lc_rd_eabi.lib</file>
         <name>fs_cmp.obj</name>
      </input_file>
      <input_file id="fl-38">
         <path>/opt/ti/ccsv7/tools/compiler/ti-cgt-msp430_16.9.4.LTS/lib/</path>
         <kind>archive</kind>
         <file>rts430x_lc_rd_eabi.lib</file>
         <name>fs_div.obj</name>
      </input_file>
      <input_file id="fl-39">
         <path>/opt/ti/ccsv7/tools/compiler/ti-cgt-msp430_16.9.4.LTS/lib/</path>
         <kind>archive</kind>
         <file>rts430x_lc_rd_eabi.lib</file>
         <name>fs_itof.obj</name>
      </input_file>
      <input_file id="fl-3a">
         <path>/opt/ti/ccsv7/tools/compiler/ti-cgt-msp430_16.9.4.LTS/lib/</path>
         <kind>archive</kind>
         <file>rts430x_lc_rd_eabi.lib</file>
         <name>fs_toi.obj</name>
      </input_file>
      <input_file id="fl-3b">
         <path>/opt/ti/ccsv7/tools/compiler/ti-cgt-msp430_16.9.4.LTS/lib/</path>
         <kind>archive</kind>
         <file>rts430x_lc_rd_eabi.lib</file>
         <name>fs_utof.obj</name>
      </input_file>
      <input_file id="fl-3c">
         <path>/opt/ti/ccsv7/tools/compiler/ti-cgt-msp430_16.9.4.LTS/lib/</path>
         <kind>archive</kind>
         <file>rts430x_lc_rd_eabi.lib</file>
         <name>int35.obj</name>
      </input_file>
      <input_file id="fl-3d">
         <path>/opt/ti/ccsv7/tools/compiler/ti-cgt-msp430_16.9.4.LTS/lib/</path>
         <kind>archive</kind>
         <file>rts430x_lc_rd_eabi.lib</file>
         <name>int36.obj</name>
      </input_file>
      <input_file id="fl-3e">
         <path>/opt/ti/ccsv7/tools/compiler/ti-cgt-msp430_16.9.4.LTS/lib/</path>
         <kind>archive</kind>
         <file>rts430x_lc_rd_eabi.lib</file>
         <name>int37.obj</name>
      </input_file>
      <input_file id="fl-3f">
         <path>/opt/ti/ccsv7/tools/compiler/ti-cgt-msp430_16.9.4.LTS/lib/</path>
         <kind>archive</kind>
         <file>rts430x_lc_rd_eabi.lib</file>
         <name>int38.obj</name>
      </input_file>
      <input_file id="fl-40">
         <path>/opt/ti/ccsv7/tools/compiler/ti-cgt-msp430_16.9.4.LTS/lib/</path>
         <kind>archive</kind>
         <file>rts430x_lc_rd_eabi.lib</file>
         <name>int39.obj</name>
      </input_file>
      <input_file id="fl-41">
         <path>/opt/ti/ccsv7/tools/compiler/ti-cgt-msp430_16.9.4.LTS/lib/</path>
         <kind>archive</kind>
         <file>rts430x_lc_rd_eabi.lib</file>
         <name>int40.obj</name>
      </input_file>
      <input_file id="fl-42">
         <path>/opt/ti/ccsv7/tools/compiler/ti-cgt-msp430_16.9.4.LTS/lib/</path>
         <kind>archive</kind>
         <file>rts430x_lc_rd_eabi.lib</file>
         <name>int41.obj</name>
      </input_file>
      <input_file id="fl-43">
         <path>/opt/ti/ccsv7/tools/compiler/ti-cgt-msp430_16.9.4.LTS/lib/</path>
         <kind>archive</kind>
         <file>rts430x_lc_rd_eabi.lib</file>
         <name>int42.obj</name>
      </input_file>
      <input_file id="fl-44">
         <path>/opt/ti/ccsv7/tools/compiler/ti-cgt-msp430_16.9.4.LTS/lib/</path>
         <kind>archive</kind>
         <file>rts430x_lc_rd_eabi.lib</file>
         <name>int43.obj</name>
      </input_file>
      <input_file id="fl-45">
         <path>/opt/ti/ccsv7/tools/compiler/ti-cgt-msp430_16.9.4.LTS/lib/</path>
         <kind>archive</kind>
         <file>rts430x_lc_rd_eabi.lib</file>
         <name>int44.obj</name>
      </input_file>
      <input_file id="fl-46">
         <path>/opt/ti/ccsv7/tools/compiler/ti-cgt-msp430_16.9.4.LTS/lib/</path>
         <kind>archive</kind>
         <file>rts430x_lc_rd_eabi.lib</file>
         <name>int45.obj</name>
      </input_file>
      <input_file id="fl-47">
         <path>/opt/ti/ccsv7/tools/compiler/ti-cgt-msp430_16.9.4.LTS/lib/</path>
         <kind>archive</kind>
         <file>rts430x_lc_rd_eabi.lib</file>
         <name>int46.obj</name>
      </input_file>
      <input_file id="fl-48">
         <path>/opt/ti/ccsv7/tools/compiler/ti-cgt-msp430_16.9.4.LTS/lib/</path>
         <kind>archive</kind>
         <file>rts430x_lc_rd_eabi.lib</file>
         <name>int47.obj</name>
      </input_file>
      <input_file id="fl-49">
         <path>/opt/ti/ccsv7/tools/compiler/ti-cgt-msp430_16.9.4.LTS/lib/</path>
         <kind>archive</kind>
         <file>rts430x_lc_rd_eabi.lib</file>
         <name>int48.obj</name>
      </input_file>
      <input_file id="fl-4a">
         <path>/opt/ti/ccsv7/tools/compiler/ti-cgt-msp430_16.9.4.LTS/lib/</path>
         <kind>archive</kind>
         <file>rts430x_lc_rd_eabi.lib</file>
         <name>int49.obj</name>
      </input_file>
      <input_file id="fl-4b">
         <path>/opt/ti/ccsv7/tools/compiler/ti-cgt-msp430_16.9.4.LTS/lib/</path>
         <kind>archive</kind>
         <file>rts430x_lc_rd_eabi.lib</file>
         <name>int50.obj</name>
      </input_file>
      <input_file id="fl-4c">
         <path>/opt/ti/ccsv7/tools/compiler/ti-cgt-msp430_16.9.4.LTS/lib/</path>
         <kind>archive</kind>
         <file>rts430x_lc_rd_eabi.lib</file>
         <name>int51.obj</name>
      </input_file>
      <input_file id="fl-4d">
         <path>/opt/ti/ccsv7/tools/compiler/ti-cgt-msp430_16.9.4.LTS/lib/</path>
         <kind>archive</kind>
         <file>rts430x_lc_rd_eabi.lib</file>
         <name>int52.obj</name>
      </input_file>
      <input_file id="fl-4e">
         <path>/opt/ti/ccsv7/tools/compiler/ti-cgt-msp430_16.9.4.LTS/lib/</path>
         <kind>archive</kind>
         <file>rts430x_lc_rd_eabi.lib</file>
         <name>int53.obj</name>
      </input_file>
      <input_file id="fl-4f">
         <path>/opt/ti/ccsv7/tools/compiler/ti-cgt-msp430_16.9.4.LTS/lib/</path>
         <kind>archive</kind>
         <file>rts430x_lc_rd_eabi.lib</file>
         <name>int54.obj</name>
      </input_file>
      <input_file id="fl-50">
         <path>/opt/ti/ccsv7/tools/compiler/ti-cgt-msp430_16.9.4.LTS/lib/</path>
         <kind>archive</kind>
         <file>rts430x_lc_rd_eabi.lib</file>
         <name>int55.obj</name>
      </input_file>
      <input_file id="fl-51">
         <path>/opt/ti/ccsv7/tools/compiler/ti-cgt-msp430_16.9.4.LTS/lib/</path>
         <kind>archive</kind>
         <file>rts430x_lc_rd_eabi.lib</file>
         <name>int56.obj</name>
      </input_file>
      <input_file id="fl-52">
         <path>/opt/ti/ccsv7/tools/compiler/ti-cgt-msp430_16.9.4.LTS/lib/</path>
         <kind>archive</kind>
         <file>rts430x_lc_rd_eabi.lib</file>
         <name>int57.obj</name>
      </input_file>
      <input_file id="fl-53">
         <path>/opt/ti/ccsv7/tools/compiler/ti-cgt-msp430_16.9.4.LTS/lib/</path>
         <kind>archive</kind>
         <file>rts430x_lc_rd_eabi.lib</file>
         <name>int58.obj</name>
      </input_file>
      <input_file id="fl-54">
         <path>/opt/ti/ccsv7/tools/compiler/ti-cgt-msp430_16.9.4.LTS/lib/</path>
         <kind>archive</kind>
         <file>rts430x_lc_rd_eabi.lib</file>
         <name>int59.obj</name>
      </input_file>
      <input_file id="fl-55">
         <path>/opt/ti/ccsv7/tools/compiler/ti-cgt-msp430_16.9.4.LTS/lib/</path>
         <kind>archive</kind>
         <file>rts430x_lc_rd_eabi.lib</file>
         <name>int60.obj</name>
      </input_file>
      <input_file id="fl-56">
         <path>/opt/ti/ccsv7/tools/compiler/ti-cgt-msp430_16.9.4.LTS/lib/</path>
         <kind>archive</kind>
         <file>rts430x_lc_rd_eabi.lib</file>
         <name>int61.obj</name>
      </input_file>
      <input_file id="fl-57">
         <path>/opt/ti/ccsv7/tools/compiler/ti-cgt-msp430_16.9.4.LTS/lib/</path>
         <kind>archive</kind>
         <file>rts430x_lc_rd_eabi.lib</file>
         <name>int62.obj</name>
      </input_file>
      <input_file id="fl-58">
         <path>/opt/ti/ccsv7/tools/compiler/ti-cgt-msp430_16.9.4.LTS/lib/</path>
         <kind>archive</kind>
         <file>rts430x_lc_rd_eabi.lib</file>
         <name>isr_trap.obj</name>
      </input_file>
      <input_file id="fl-59">
         <path>/opt/ti/ccsv7/tools/compiler/ti-cgt-msp430_16.9.4.LTS/lib/</path>
         <kind>archive</kind>
         <file>rts430x_lc_rd_eabi.lib</file>
         <name>lsl32.obj</name>
      </input_file>
      <input_file id="fl-5a">
         <path>/opt/ti/ccsv7/tools/compiler/ti-cgt-msp430_16.9.4.LTS/lib/</path>
         <kind>archive</kind>
         <file>rts430x_lc_rd_eabi.lib</file>
         <name>lsr32.obj</name>
      </input_file>
      <input_file id="fl-5b">
         <path>/opt/ti/ccsv7/tools/compiler/ti-cgt-msp430_16.9.4.LTS/lib/</path>
         <kind>archive</kind>
         <file>rts430x_lc_rd_eabi.lib</file>
         <name>lsr64.obj</name>
      </input_file>
      <input_file id="fl-5c">
         <path>/opt/ti/ccsv7/tools/compiler/ti-cgt-msp430_16.9.4.LTS/lib/</path>
         <kind>archive</kind>
         <file>rts430x_lc_rd_eabi.lib</file>
         <name>memcpy.obj</name>
      </input_file>
      <input_file id="fl-5d">
         <path>/opt/ti/ccsv7/tools/compiler/ti-cgt-msp430_16.9.4.LTS/lib/</path>
         <kind>archive</kind>
         <file>rts430x_lc_rd_eabi.lib</file>
         <name>mpu_init.obj</name>
      </input_file>
      <input_file id="fl-5e">
         <path>/opt/ti/ccsv7/tools/compiler/ti-cgt-msp430_16.9.4.LTS/lib/</path>
         <kind>archive</kind>
         <file>rts430x_lc_rd_eabi.lib</file>
         <name>mpyd.obj</name>
      </input_file>
      <input_file id="fl-5f">
         <path>/opt/ti/ccsv7/tools/compiler/ti-cgt-msp430_16.9.4.LTS/lib/</path>
         <kind>archive</kind>
         <file>rts430x_lc_rd_eabi.lib</file>
         <name>mult16.obj</name>
      </input_file>
      <input_file id="fl-60">
         <path>/opt/ti/ccsv7/tools/compiler/ti-cgt-msp430_16.9.4.LTS/lib/</path>
         <kind>archive</kind>
         <file>rts430x_lc_rd_eabi.lib</file>
         <name>mult1632_f5hw.obj</name>
      </input_file>
      <input_file id="fl-61">
         <path>/opt/ti/ccsv7/tools/compiler/ti-cgt-msp430_16.9.4.LTS/lib/</path>
         <kind>archive</kind>
         <file>rts430x_lc_rd_eabi.lib</file>
         <name>mult16_f5hw.obj</name>
      </input_file>
      <input_file id="fl-62">
         <path>/opt/ti/ccsv7/tools/compiler/ti-cgt-msp430_16.9.4.LTS/lib/</path>
         <kind>archive</kind>
         <file>rts430x_lc_rd_eabi.lib</file>
         <name>mult32.obj</name>
      </input_file>
      <input_file id="fl-63">
         <path>/opt/ti/ccsv7/tools/compiler/ti-cgt-msp430_16.9.4.LTS/lib/</path>
         <kind>archive</kind>
         <file>rts430x_lc_rd_eabi.lib</file>
         <name>mult3264_f5hw.obj</name>
      </input_file>
      <input_file id="fl-64">
         <path>/opt/ti/ccsv7/tools/compiler/ti-cgt-msp430_16.9.4.LTS/lib/</path>
         <kind>archive</kind>
         <file>rts430x_lc_rd_eabi.lib</file>
         <name>mult32_f5hw.obj</name>
      </input_file>
      <input_file id="fl-65">
         <path>/opt/ti/ccsv7/tools/compiler/ti-cgt-msp430_16.9.4.LTS/lib/</path>
         <kind>archive</kind>
         <file>rts430x_lc_rd_eabi.lib</file>
         <name>mult64_f5hw.obj</name>
      </input_file>
      <input_file id="fl-66">
         <path>/opt/ti/ccsv7/tools/compiler/ti-cgt-msp430_16.9.4.LTS/lib/</path>
         <kind>archive</kind>
         <file>rts430x_lc_rd_eabi.lib</file>
         <name>pre_init.obj</name>
      </input_file>
      <input_file id="fl-67">
         <path>/opt/ti/ccsv7/tools/compiler/ti-cgt-msp430_16.9.4.LTS/lib/</path>
         <kind>archive</kind>
         <file>rts430x_lc_rd_eabi.lib</file>
         <name>renormd.obj</name>
      </input_file>
      <input_file id="fl-68">
         <path>/opt/ti/ccsv7/tools/compiler/ti-cgt-msp430_16.9.4.LTS/lib/</path>
         <kind>archive</kind>
         <file>rts430x_lc_rd_eabi.lib</file>
         <name>subd.obj</name>
      </input_file>
      <input_file id="fl-69">
         <path>/opt/ti/ccsv7/tools/compiler/ti-cgt-msp430_16.9.4.LTS/lib/</path>
         <kind>archive</kind>
         <file>rts430x_lc_rd_eabi.lib</file>
         <name>_lock.obj</name>
      </input_file>
      <input_file id="fl-6a">
         <path>/opt/ti/ccsv7/tools/compiler/ti-cgt-msp430_16.9.4.LTS/lib/</path>
         <kind>archive</kind>
         <file>rts430x_lc_rd_eabi.lib</file>
         <name>args_main.obj</name>
      </input_file>
      <input_file id="fl-6b">
         <path>/opt/ti/ccsv7/tools/compiler/ti-cgt-msp430_16.9.4.LTS/lib/</path>
         <kind>archive</kind>
         <file>rts430x_lc_rd_eabi.lib</file>
         <name>asr32.obj</name>
      </input_file>
      <input_file id="fl-6c">
         <path>/opt/ti/ccsv7/tools/compiler/ti-cgt-msp430_16.9.4.LTS/lib/</path>
         <kind>archive</kind>
         <file>rts430x_lc_rd_eabi.lib</file>
         <name>autoinit_wdt.obj</name>
      </input_file>
      <input_file id="fl-6d">
         <path>/opt/ti/ccsv7/tools/compiler/ti-cgt-msp430_16.9.4.LTS/lib/</path>
         <kind>archive</kind>
         <file>rts430x_lc_rd_eabi.lib</file>
         <name>cpy_tbl.obj</name>
      </input_file>
      <input_file id="fl-6e">
         <path>/opt/ti/ccsv7/tools/compiler/ti-cgt-msp430_16.9.4.LTS/lib/</path>
         <kind>archive</kind>
         <file>rts430x_lc_rd_eabi.lib</file>
         <name>frcmpyd.obj</name>
      </input_file>
      <input_file id="fl-6f">
         <path>/opt/ti/ccsv7/tools/compiler/ti-cgt-msp430_16.9.4.LTS/lib/</path>
         <kind>archive</kind>
         <file>rts430x_lc_rd_eabi.lib</file>
         <name>startup.obj</name>
      </input_file>
   </input_file_list>
   <object_component_list>
      <object_component id="oc-5dc">
         <name>.common:imu_temp_data</name>
         <uninitialized>true</uninitialized>
         <run_address>0x2400</run_address>
         <size>0x14</size>
      </object_component>
      <object_component id="oc-497">
         <name>.stack</name>
         <uninitialized>true</uninitialized>
         <run_address>0x6360</run_address>
         <size>0x4</size>
         <input_file_ref idref="fl-27"/>
      </object_component>
      <object_component id="oc-73e">
         <name>.stack</name>
         <uninitialized>true</uninitialized>
         <run_address>0x6360</run_address>
         <size>0x0</size>
      </object_component>
      <object_component id="oc-4df">
         <name>.text:main</name>
         <load_address>0x10000</load_address>
         <run_address>0x10000</run_address>
         <size>0x5a0</size>
         <input_file_ref idref="fl-5"/>
      </object_component>
      <object_component id="oc-65c">
         <name>.text:__TI_frcdivd</name>
         <load_address>0x105a0</load_address>
         <run_address>0x105a0</run_address>
         <size>0x478</size>
         <input_file_ref idref="fl-35"/>
      </object_component>
      <object_component id="oc-677">
         <name>.text:__mspabi_addd</name>
         <load_address>0x10a18</load_address>
         <run_address>0x10a18</run_address>
         <size>0x2d8</size>
         <input_file_ref idref="fl-26"/>
      </object_component>
      <object_component id="oc-64f">
         <name>.text:__TI_frcmpyd</name>
         <load_address>0x10cf0</load_address>
         <run_address>0x10cf0</run_address>
         <size>0x286</size>
         <input_file_ref idref="fl-6e"/>
      </object_component>
      <object_component id="oc-601">
         <name>.text:__mspabi_mpyd</name>
         <load_address>0x10f76</load_address>
         <run_address>0x10f76</run_address>
         <size>0x282</size>
         <input_file_ref idref="fl-5e"/>
      </object_component>
      <object_component id="oc-616">
         <name>.text:read_accel_gyr</name>
         <load_address>0x111f8</load_address>
         <run_address>0x111f8</run_address>
         <size>0x254</size>
         <input_file_ref idref="fl-4"/>
      </object_component>
      <object_component id="oc-6a1">
         <name>.text:__TI_frcaddd</name>
         <load_address>0x1144c</load_address>
         <run_address>0x1144c</run_address>
         <size>0x252</size>
         <input_file_ref idref="fl-34"/>
      </object_component>
      <object_component id="oc-607">
         <name>.text:__mspabi_divd</name>
         <load_address>0x1169e</load_address>
         <run_address>0x1169e</run_address>
         <size>0x222</size>
         <input_file_ref idref="fl-2d"/>
      </object_component>
      <object_component id="oc-566">
         <name>.text:average</name>
         <load_address>0x118c0</load_address>
         <run_address>0x118c0</run_address>
         <size>0x198</size>
         <input_file_ref idref="fl-4"/>
      </object_component>
      <object_component id="oc-54c">
         <name>.text</name>
         <load_address>0x11a58</load_address>
         <run_address>0x11a58</run_address>
         <size>0x132</size>
         <input_file_ref idref="fl-36"/>
      </object_component>
      <object_component id="oc-556">
         <name>.text:read_magnetometer</name>
         <load_address>0x11b8a</load_address>
         <run_address>0x11b8a</run_address>
         <size>0x108</size>
         <input_file_ref idref="fl-4"/>
      </object_component>
      <object_component id="oc-641">
         <name>.text:i2c_receive_burst</name>
         <load_address>0x11c92</load_address>
         <run_address>0x11c92</run_address>
         <size>0xf4</size>
         <input_file_ref idref="fl-3"/>
      </object_component>
      <object_component id="oc-53a">
         <name>.text:i2c_setup</name>
         <load_address>0x11d86</load_address>
         <run_address>0x11d86</run_address>
         <size>0xd8</size>
         <input_file_ref idref="fl-3"/>
      </object_component>
      <object_component id="oc-540">
         <name>.text:imu_setup</name>
         <load_address>0x11e5e</load_address>
         <run_address>0x11e5e</run_address>
         <size>0xba</size>
         <input_file_ref idref="fl-4"/>
      </object_component>
      <object_component id="oc-6c1">
         <name>.text:__TI_renormd</name>
         <load_address>0x11f18</load_address>
         <run_address>0x11f18</run_address>
         <size>0xb2</size>
         <input_file_ref idref="fl-67"/>
      </object_component>
      <object_component id="oc-648">
         <name>.text:__mspabi_fltlid</name>
         <load_address>0x11fca</load_address>
         <run_address>0x11fca</run_address>
         <size>0x9e</size>
         <input_file_ref idref="fl-33"/>
      </object_component>
      <object_component id="oc-5df">
         <name>.text:i2c_send</name>
         <load_address>0x12068</load_address>
         <run_address>0x12068</run_address>
         <size>0x92</size>
         <input_file_ref idref="fl-3"/>
      </object_component>
      <object_component id="oc-551">
         <name>.text</name>
         <load_address>0x120fa</load_address>
         <run_address>0x120fa</run_address>
         <size>0x90</size>
         <input_file_ref idref="fl-38"/>
      </object_component>
      <object_component id="oc-60d">
         <name>.text:__mspabi_cvtdf</name>
         <load_address>0x1218a</load_address>
         <run_address>0x1218a</run_address>
         <size>0x8c</size>
         <input_file_ref idref="fl-2c"/>
      </object_component>
      <object_component id="oc-5e5">
         <name>.text:i2c_receive</name>
         <load_address>0x12216</load_address>
         <run_address>0x12216</run_address>
         <size>0x8c</size>
         <input_file_ref idref="fl-3"/>
      </object_component>
      <object_component id="oc-4c5">
         <name>.text:_auto_init_hold_wdt</name>
         <load_address>0x122a2</load_address>
         <run_address>0x122a2</run_address>
         <size>0x82</size>
         <input_file_ref idref="fl-6c"/>
      </object_component>
      <object_component id="oc-546">
         <name>.text:mag_setup</name>
         <load_address>0x12324</load_address>
         <run_address>0x12324</run_address>
         <size>0x82</size>
         <input_file_ref idref="fl-4"/>
      </object_component>
      <object_component id="oc-66b">
         <name>.text:imu_read</name>
         <load_address>0x123a6</load_address>
         <run_address>0x123a6</run_address>
         <size>0x72</size>
         <input_file_ref idref="fl-4"/>
      </object_component>
      <object_component id="oc-5f5">
         <name>.text:mag_read</name>
         <load_address>0x12418</load_address>
         <run_address>0x12418</run_address>
         <size>0x68</size>
         <input_file_ref idref="fl-4"/>
      </object_component>
      <object_component id="oc-561">
         <name>.text</name>
         <load_address>0x12480</load_address>
         <run_address>0x12480</run_address>
         <size>0x68</size>
         <input_file_ref idref="fl-3a"/>
      </object_component>
      <object_component id="oc-50d">
         <name>.text:copy_in</name>
         <load_address>0x124e8</load_address>
         <run_address>0x124e8</run_address>
         <size>0x66</size>
         <input_file_ref idref="fl-6d"/>
      </object_component>
      <object_component id="oc-5bd">
         <name>.text:i2c_pin_reset</name>
         <load_address>0x1254e</load_address>
         <run_address>0x1254e</run_address>
         <size>0x62</size>
         <input_file_ref idref="fl-3"/>
      </object_component>
      <object_component id="oc-571">
         <name>.text:flash_write_float</name>
         <load_address>0x125b0</load_address>
         <run_address>0x125b0</run_address>
         <size>0x60</size>
         <input_file_ref idref="fl-2"/>
      </object_component>
      <object_component id="oc-68f">
         <name>.text:l_asr_const</name>
         <load_address>0x12610</load_address>
         <run_address>0x12610</run_address>
         <size>0x3e</size>
         <input_file_ref idref="fl-6b"/>
      </object_component>
      <object_component id="oc-664">
         <name>.text:l_lsl_const</name>
         <load_address>0x1264e</load_address>
         <run_address>0x1264e</run_address>
         <size>0x3e</size>
         <input_file_ref idref="fl-59"/>
      </object_component>
      <object_component id="oc-683">
         <name>.text:l_lsr_const</name>
         <load_address>0x1268c</load_address>
         <run_address>0x1268c</run_address>
         <size>0x3e</size>
         <input_file_ref idref="fl-5a"/>
      </object_component>
      <object_component id="oc-5c3">
         <name>.text:i2c_set_clock</name>
         <load_address>0x126ca</load_address>
         <run_address>0x126ca</run_address>
         <size>0x3c</size>
         <input_file_ref idref="fl-3"/>
      </object_component>
      <object_component id="oc-55c">
         <name>.text</name>
         <load_address>0x12706</load_address>
         <run_address>0x12706</run_address>
         <size>0x36</size>
         <input_file_ref idref="fl-39"/>
      </object_component>
      <object_component id="oc-5ec">
         <name>.text:write_i2c</name>
         <load_address>0x1273c</load_address>
         <run_address>0x1273c</run_address>
         <size>0x34</size>
         <input_file_ref idref="fl-4"/>
      </object_component>
      <object_component id="oc-671">
         <name>.text:__mspabi_subd</name>
         <load_address>0x12770</load_address>
         <run_address>0x12770</run_address>
         <size>0x32</size>
         <input_file_ref idref="fl-68"/>
      </object_component>
      <object_component id="oc-5cf">
         <name>.text:port_mapping_ucb0</name>
         <load_address>0x127a2</load_address>
         <run_address>0x127a2</run_address>
         <size>0x26</size>
         <input_file_ref idref="fl-3"/>
      </object_component>
      <object_component id="oc-9b">
         <name>.text:decompress:ZI:__TI_zero_init</name>
         <load_address>0x127c8</load_address>
         <run_address>0x127c8</run_address>
         <size>0x24</size>
         <input_file_ref idref="fl-2b"/>
      </object_component>
      <object_component id="oc-56c">
         <name>.text</name>
         <load_address>0x127ec</load_address>
         <run_address>0x127ec</run_address>
         <size>0x24</size>
         <input_file_ref idref="fl-3b"/>
      </object_component>
      <object_component id="oc-68a">
         <name>.text</name>
         <load_address>0x12810</load_address>
         <run_address>0x12810</run_address>
         <size>0x24</size>
         <input_file_ref idref="fl-64"/>
      </object_component>
      <object_component id="oc-5d5">
         <name>.text:i2c_set_mode</name>
         <load_address>0x12834</load_address>
         <run_address>0x12834</run_address>
         <size>0x20</size>
         <input_file_ref idref="fl-3"/>
      </object_component>
      <object_component id="oc-5c9">
         <name>.text:i2c_set_slave</name>
         <load_address>0x12854</load_address>
         <run_address>0x12854</run_address>
         <size>0x20</size>
         <input_file_ref idref="fl-3"/>
      </object_component>
      <object_component id="oc-58a">
         <name>.text</name>
         <load_address>0x12874</load_address>
         <run_address>0x12874</run_address>
         <size>0x18</size>
         <input_file_ref idref="fl-61"/>
      </object_component>
      <object_component id="oc-577">
         <name>.text:flash_read_float</name>
         <load_address>0x1288c</load_address>
         <run_address>0x1288c</run_address>
         <size>0x16</size>
         <input_file_ref idref="fl-2"/>
      </object_component>
      <object_component id="oc-4a6">
         <name>.text:memcpy</name>
         <load_address>0x128a2</load_address>
         <run_address>0x128a2</run_address>
         <size>0x14</size>
         <input_file_ref idref="fl-5c"/>
      </object_component>
      <object_component id="oc-6bc">
         <name>.text:l_asr</name>
         <load_address>0x128b6</load_address>
         <run_address>0x128b6</run_address>
         <size>0x10</size>
         <input_file_ref idref="fl-6b"/>
      </object_component>
      <object_component id="oc-6b2">
         <name>.text:l_lsl</name>
         <load_address>0x128c6</load_address>
         <run_address>0x128c6</run_address>
         <size>0x10</size>
         <input_file_ref idref="fl-59"/>
      </object_component>
      <object_component id="oc-6b7">
         <name>.text:l_lsr</name>
         <load_address>0x128d6</load_address>
         <run_address>0x128d6</run_address>
         <size>0x10</size>
         <input_file_ref idref="fl-5a"/>
      </object_component>
      <object_component id="oc-5fb">
         <name>.text:__mspabi_fltid</name>
         <load_address>0x128e6</load_address>
         <run_address>0x128e6</run_address>
         <size>0xc</size>
         <input_file_ref idref="fl-32"/>
      </object_component>
      <object_component id="oc-4e7">
         <name>.text:abort</name>
         <load_address>0x128f2</load_address>
         <run_address>0x128f2</run_address>
         <size>0x6</size>
         <input_file_ref idref="fl-2e"/>
      </object_component>
      <object_component id="oc-4bf">
         <name>.text:_system_pre_init</name>
         <load_address>0x128f8</load_address>
         <run_address>0x128f8</run_address>
         <size>0x4</size>
         <input_file_ref idref="fl-66"/>
      </object_component>
      <object_component id="oc-513">
         <name>.text:_system_post_cinit</name>
         <load_address>0x128fc</load_address>
         <run_address>0x128fc</run_address>
         <size>0x2</size>
         <input_file_ref idref="fl-6f"/>
      </object_component>
      <object_component id="oc-b9">
         <name>.text:_isr:_c_int00_noargs_noexit</name>
         <load_address>0x8000</load_address>
         <run_address>0x8000</run_address>
         <size>0x1a</size>
         <input_file_ref idref="fl-28"/>
      </object_component>
      <object_component id="oc-4b3">
         <name>.text:_isr:__TI_ISR_TRAP</name>
         <load_address>0x801a</load_address>
         <run_address>0x801a</run_address>
         <size>0x8</size>
         <input_file_ref idref="fl-58"/>
      </object_component>
      <object_component id="oc-73d">
         <name>.cinit..bss.load</name>
         <load_address>0x803a</load_address>
         <run_address>0x803a</run_address>
         <size>0x6</size>
      </object_component>
      <object_component id="oc-73b">
         <name>__TI_handler_table</name>
         <load_address>0x8040</load_address>
         <run_address>0x8040</run_address>
         <size>0x4</size>
      </object_component>
      <object_component id="oc-73c">
         <name>__TI_cinit_table</name>
         <load_address>0x8044</load_address>
         <run_address>0x8044</run_address>
         <size>0x8</size>
      </object_component>
      <object_component id="oc-534">
         <name>.const:$P$T0$1</name>
         <load_address>0x8022</load_address>
         <run_address>0x8022</run_address>
         <size>0xc</size>
         <input_file_ref idref="fl-5"/>
      </object_component>
      <object_component id="oc-537">
         <name>.const:$P$T1$2</name>
         <load_address>0x802e</load_address>
         <run_address>0x802e</run_address>
         <size>0xc</size>
         <input_file_ref idref="fl-5"/>
      </object_component>
      <object_component id="oc-6d5">
         <name>.binit</name>
         <load_address>0x8000</load_address>
         <run_address>0x8000</run_address>
         <size>0x0</size>
      </object_component>
      <object_component id="oc-7f">
         <name>.int35</name>
         <load_address>0xffc6</load_address>
         <run_address>0xffc6</run_address>
         <size>0x2</size>
         <input_file_ref idref="fl-3c"/>
      </object_component>
      <object_component id="oc-80">
         <name>.int36</name>
         <load_address>0xffc8</load_address>
         <run_address>0xffc8</run_address>
         <size>0x2</size>
         <input_file_ref idref="fl-3d"/>
      </object_component>
      <object_component id="oc-81">
         <name>.int37</name>
         <load_address>0xffca</load_address>
         <run_address>0xffca</run_address>
         <size>0x2</size>
         <input_file_ref idref="fl-3e"/>
      </object_component>
      <object_component id="oc-82">
         <name>.int38</name>
         <load_address>0xffcc</load_address>
         <run_address>0xffcc</run_address>
         <size>0x2</size>
         <input_file_ref idref="fl-3f"/>
      </object_component>
      <object_component id="oc-83">
         <name>.int39</name>
         <load_address>0xffce</load_address>
         <run_address>0xffce</run_address>
         <size>0x2</size>
         <input_file_ref idref="fl-40"/>
      </object_component>
      <object_component id="oc-84">
         <name>.int40</name>
         <load_address>0xffd0</load_address>
         <run_address>0xffd0</run_address>
         <size>0x2</size>
         <input_file_ref idref="fl-41"/>
      </object_component>
      <object_component id="oc-85">
         <name>.int41</name>
         <load_address>0xffd2</load_address>
         <run_address>0xffd2</run_address>
         <size>0x2</size>
         <input_file_ref idref="fl-42"/>
      </object_component>
      <object_component id="oc-86">
         <name>.int42</name>
         <load_address>0xffd4</load_address>
         <run_address>0xffd4</run_address>
         <size>0x2</size>
         <input_file_ref idref="fl-43"/>
      </object_component>
      <object_component id="oc-87">
         <name>.int43</name>
         <load_address>0xffd6</load_address>
         <run_address>0xffd6</run_address>
         <size>0x2</size>
         <input_file_ref idref="fl-44"/>
      </object_component>
      <object_component id="oc-88">
         <name>.int44</name>
         <load_address>0xffd8</load_address>
         <run_address>0xffd8</run_address>
         <size>0x2</size>
         <input_file_ref idref="fl-45"/>
      </object_component>
      <object_component id="oc-89">
         <name>.int45</name>
         <load_address>0xffda</load_address>
         <run_address>0xffda</run_address>
         <size>0x2</size>
         <input_file_ref idref="fl-46"/>
      </object_component>
      <object_component id="oc-8a">
         <name>.int46</name>
         <load_address>0xffdc</load_address>
         <run_address>0xffdc</run_address>
         <size>0x2</size>
         <input_file_ref idref="fl-47"/>
      </object_component>
      <object_component id="oc-8b">
         <name>.int47</name>
         <load_address>0xffde</load_address>
         <run_address>0xffde</run_address>
         <size>0x2</size>
         <input_file_ref idref="fl-48"/>
      </object_component>
      <object_component id="oc-8c">
         <name>.int48</name>
         <load_address>0xffe0</load_address>
         <run_address>0xffe0</run_address>
         <size>0x2</size>
         <input_file_ref idref="fl-49"/>
      </object_component>
      <object_component id="oc-8d">
         <name>.int49</name>
         <load_address>0xffe2</load_address>
         <run_address>0xffe2</run_address>
         <size>0x2</size>
         <input_file_ref idref="fl-4a"/>
      </object_component>
      <object_component id="oc-8e">
         <name>.int50</name>
         <load_address>0xffe4</load_address>
         <run_address>0xffe4</run_address>
         <size>0x2</size>
         <input_file_ref idref="fl-4b"/>
      </object_component>
      <object_component id="oc-8f">
         <name>.int51</name>
         <load_address>0xffe6</load_address>
         <run_address>0xffe6</run_address>
         <size>0x2</size>
         <input_file_ref idref="fl-4c"/>
      </object_component>
      <object_component id="oc-90">
         <name>.int52</name>
         <load_address>0xffe8</load_address>
         <run_address>0xffe8</run_address>
         <size>0x2</size>
         <input_file_ref idref="fl-4d"/>
      </object_component>
      <object_component id="oc-91">
         <name>.int53</name>
         <load_address>0xffea</load_address>
         <run_address>0xffea</run_address>
         <size>0x2</size>
         <input_file_ref idref="fl-4e"/>
      </object_component>
      <object_component id="oc-92">
         <name>.int54</name>
         <load_address>0xffec</load_address>
         <run_address>0xffec</run_address>
         <size>0x2</size>
         <input_file_ref idref="fl-4f"/>
      </object_component>
      <object_component id="oc-93">
         <name>.int55</name>
         <load_address>0xffee</load_address>
         <run_address>0xffee</run_address>
         <size>0x2</size>
         <input_file_ref idref="fl-50"/>
      </object_component>
      <object_component id="oc-94">
         <name>.int56</name>
         <load_address>0xfff0</load_address>
         <run_address>0xfff0</run_address>
         <size>0x2</size>
         <input_file_ref idref="fl-51"/>
      </object_component>
      <object_component id="oc-95">
         <name>.int57</name>
         <load_address>0xfff2</load_address>
         <run_address>0xfff2</run_address>
         <size>0x2</size>
         <input_file_ref idref="fl-52"/>
      </object_component>
      <object_component id="oc-96">
         <name>.int58</name>
         <load_address>0xfff4</load_address>
         <run_address>0xfff4</run_address>
         <size>0x2</size>
         <input_file_ref idref="fl-53"/>
      </object_component>
      <object_component id="oc-97">
         <name>.int59</name>
         <load_address>0xfff6</load_address>
         <run_address>0xfff6</run_address>
         <size>0x2</size>
         <input_file_ref idref="fl-54"/>
      </object_component>
      <object_component id="oc-98">
         <name>.int60</name>
         <load_address>0xfff8</load_address>
         <run_address>0xfff8</run_address>
         <size>0x2</size>
         <input_file_ref idref="fl-55"/>
      </object_component>
      <object_component id="oc-99">
         <name>.int61</name>
         <load_address>0xfffa</load_address>
         <run_address>0xfffa</run_address>
         <size>0x2</size>
         <input_file_ref idref="fl-56"/>
      </object_component>
      <object_component id="oc-9a">
         <name>.int62</name>
         <load_address>0xfffc</load_address>
         <run_address>0xfffc</run_address>
         <size>0x2</size>
         <input_file_ref idref="fl-57"/>
      </object_component>
      <object_component id="oc-49a">
         <name>.reset</name>
         <load_address>0xfffe</load_address>
         <run_address>0xfffe</run_address>
         <size>0x2</size>
         <input_file_ref idref="fl-27"/>
      </object_component>
      <object_component id="oc-61f">
         <name>.debug_info</name>
         <load_address>0x0</load_address>
         <run_address>0x0</run_address>
         <size>0x2ce</size>
         <input_file_ref idref="fl-2"/>
      </object_component>
      <object_component id="oc-572">
         <name>.debug_info</name>
         <load_address>0x2ce</load_address>
         <run_address>0x2ce</run_address>
         <size>0x17e</size>
         <input_file_ref idref="fl-2"/>
      </object_component>
      <object_component id="oc-578">
         <name>.debug_info</name>
         <load_address>0x44c</load_address>
         <run_address>0x44c</run_address>
         <size>0x158</size>
         <input_file_ref idref="fl-2"/>
      </object_component>
      <object_component id="oc-4a1">
         <name>.debug_info</name>
         <load_address>0x5a4</load_address>
         <run_address>0x5a4</run_address>
         <size>0x84</size>
         <input_file_ref idref="fl-2"/>
      </object_component>
      <object_component id="oc-624">
         <name>.debug_info</name>
         <load_address>0x628</load_address>
         <run_address>0x628</run_address>
         <size>0x9c</size>
         <input_file_ref idref="fl-2"/>
      </object_component>
      <object_component id="oc-580">
         <name>.debug_info</name>
         <load_address>0x6c4</load_address>
         <run_address>0x6c4</run_address>
         <size>0x18b</size>
         <input_file_ref idref="fl-2"/>
      </object_component>
      <object_component id="oc-637">
         <name>.debug_info</name>
         <load_address>0x84f</load_address>
         <run_address>0x84f</run_address>
         <size>0x420</size>
         <input_file_ref idref="fl-3"/>
      </object_component>
      <object_component id="oc-5d0">
         <name>.debug_info</name>
         <load_address>0xc6f</load_address>
         <run_address>0xc6f</run_address>
         <size>0x12d</size>
         <input_file_ref idref="fl-3"/>
      </object_component>
      <object_component id="oc-5be">
         <name>.debug_info</name>
         <load_address>0xd9c</load_address>
         <run_address>0xd9c</run_address>
         <size>0x1b9</size>
         <input_file_ref idref="fl-3"/>
      </object_component>
      <object_component id="oc-53b">
         <name>.debug_info</name>
         <load_address>0xf55</load_address>
         <run_address>0xf55</run_address>
         <size>0x259</size>
         <input_file_ref idref="fl-3"/>
      </object_component>
      <object_component id="oc-5c4">
         <name>.debug_info</name>
         <load_address>0x11ae</load_address>
         <run_address>0x11ae</run_address>
         <size>0x168</size>
         <input_file_ref idref="fl-3"/>
      </object_component>
      <object_component id="oc-5d6">
         <name>.debug_info</name>
         <load_address>0x1316</load_address>
         <run_address>0x1316</run_address>
         <size>0x189</size>
         <input_file_ref idref="fl-3"/>
      </object_component>
      <object_component id="oc-5ca">
         <name>.debug_info</name>
         <load_address>0x149f</load_address>
         <run_address>0x149f</run_address>
         <size>0x1af</size>
         <input_file_ref idref="fl-3"/>
      </object_component>
      <object_component id="oc-5e0">
         <name>.debug_info</name>
         <load_address>0x164e</load_address>
         <run_address>0x164e</run_address>
         <size>0x1f8</size>
         <input_file_ref idref="fl-3"/>
      </object_component>
      <object_component id="oc-5e6">
         <name>.debug_info</name>
         <load_address>0x1846</load_address>
         <run_address>0x1846</run_address>
         <size>0x1fe</size>
         <input_file_ref idref="fl-3"/>
      </object_component>
      <object_component id="oc-642">
         <name>.debug_info</name>
         <load_address>0x1a44</load_address>
         <run_address>0x1a44</run_address>
         <size>0x239</size>
         <input_file_ref idref="fl-3"/>
      </object_component>
      <object_component id="oc-5dd">
         <name>.debug_info</name>
         <load_address>0x1c7d</load_address>
         <run_address>0x1c7d</run_address>
         <size>0x3f6</size>
         <input_file_ref idref="fl-4"/>
      </object_component>
      <object_component id="oc-541">
         <name>.debug_info</name>
         <load_address>0x2073</load_address>
         <run_address>0x2073</run_address>
         <size>0x1e8</size>
         <input_file_ref idref="fl-4"/>
      </object_component>
      <object_component id="oc-66c">
         <name>.debug_info</name>
         <load_address>0x225b</load_address>
         <run_address>0x225b</run_address>
         <size>0x205</size>
         <input_file_ref idref="fl-4"/>
      </object_component>
      <object_component id="oc-5ed">
         <name>.debug_info</name>
         <load_address>0x2460</load_address>
         <run_address>0x2460</run_address>
         <size>0x194</size>
         <input_file_ref idref="fl-4"/>
      </object_component>
      <object_component id="oc-547">
         <name>.debug_info</name>
         <load_address>0x25f4</load_address>
         <run_address>0x25f4</run_address>
         <size>0x1e4</size>
         <input_file_ref idref="fl-4"/>
      </object_component>
      <object_component id="oc-5f6">
         <name>.debug_info</name>
         <load_address>0x27d8</load_address>
         <run_address>0x27d8</run_address>
         <size>0x201</size>
         <input_file_ref idref="fl-4"/>
      </object_component>
      <object_component id="oc-617">
         <name>.debug_info</name>
         <load_address>0x29d9</load_address>
         <run_address>0x29d9</run_address>
         <size>0x3d7</size>
         <input_file_ref idref="fl-4"/>
      </object_component>
      <object_component id="oc-567">
         <name>.debug_info</name>
         <load_address>0x2db0</load_address>
         <run_address>0x2db0</run_address>
         <size>0x276</size>
         <input_file_ref idref="fl-4"/>
      </object_component>
      <object_component id="oc-557">
         <name>.debug_info</name>
         <load_address>0x3026</load_address>
         <run_address>0x3026</run_address>
         <size>0x2bd</size>
         <input_file_ref idref="fl-4"/>
      </object_component>
      <object_component id="oc-57e">
         <name>.debug_info</name>
         <load_address>0x32e3</load_address>
         <run_address>0x32e3</run_address>
         <size>0x4ce</size>
         <input_file_ref idref="fl-5"/>
      </object_component>
      <object_component id="oc-535">
         <name>.debug_info</name>
         <load_address>0x37b1</load_address>
         <run_address>0x37b1</run_address>
         <size>0xf1</size>
         <input_file_ref idref="fl-5"/>
      </object_component>
      <object_component id="oc-538">
         <name>.debug_info</name>
         <load_address>0x38a2</load_address>
         <run_address>0x38a2</run_address>
         <size>0xf1</size>
         <input_file_ref idref="fl-5"/>
      </object_component>
      <object_component id="oc-4e0">
         <name>.debug_info</name>
         <load_address>0x3993</load_address>
         <run_address>0x3993</run_address>
         <size>0xaa2</size>
         <input_file_ref idref="fl-5"/>
      </object_component>
      <object_component id="oc-6a8">
         <name>.debug_info</name>
         <load_address>0x4435</load_address>
         <run_address>0x4435</run_address>
         <size>0x20b</size>
         <input_file_ref idref="fl-26"/>
      </object_component>
      <object_component id="oc-678">
         <name>.debug_info</name>
         <load_address>0x4640</load_address>
         <run_address>0x4640</run_address>
         <size>0x227</size>
         <input_file_ref idref="fl-26"/>
      </object_component>
      <object_component id="oc-656">
         <name>.debug_info</name>
         <load_address>0x4867</load_address>
         <run_address>0x4867</run_address>
         <size>0x94</size>
         <input_file_ref idref="fl-26"/>
      </object_component>
      <object_component id="oc-498">
         <name>.debug_info</name>
         <load_address>0x48fb</load_address>
         <run_address>0x48fb</run_address>
         <size>0xf5</size>
         <input_file_ref idref="fl-27"/>
      </object_component>
      <object_component id="oc-ba">
         <name>.debug_info</name>
         <load_address>0x49f0</load_address>
         <run_address>0x49f0</run_address>
         <size>0x196</size>
         <input_file_ref idref="fl-28"/>
      </object_component>
      <object_component id="oc-4be">
         <name>.debug_info</name>
         <load_address>0x4b86</load_address>
         <run_address>0x4b86</run_address>
         <size>0x174</size>
         <input_file_ref idref="fl-2b"/>
      </object_component>
      <object_component id="oc-9c">
         <name>.debug_info</name>
         <load_address>0x4cfa</load_address>
         <run_address>0x4cfa</run_address>
         <size>0x1ba</size>
         <input_file_ref idref="fl-2b"/>
      </object_component>
      <object_component id="oc-4b9">
         <name>.debug_info</name>
         <load_address>0x4eb4</load_address>
         <run_address>0x4eb4</run_address>
         <size>0x46</size>
         <input_file_ref idref="fl-2b"/>
      </object_component>
      <object_component id="oc-66a">
         <name>.debug_info</name>
         <load_address>0x4efa</load_address>
         <run_address>0x4efa</run_address>
         <size>0x1c9</size>
         <input_file_ref idref="fl-2c"/>
      </object_component>
      <object_component id="oc-60e">
         <name>.debug_info</name>
         <load_address>0x50c3</load_address>
         <run_address>0x50c3</run_address>
         <size>0x1a0</size>
         <input_file_ref idref="fl-2c"/>
      </object_component>
      <object_component id="oc-663">
         <name>.debug_info</name>
         <load_address>0x5263</load_address>
         <run_address>0x5263</run_address>
         <size>0x206</size>
         <input_file_ref idref="fl-2d"/>
      </object_component>
      <object_component id="oc-60b">
         <name>.debug_info</name>
         <load_address>0x5469</load_address>
         <run_address>0x5469</run_address>
         <size>0x247</size>
         <input_file_ref idref="fl-2d"/>
      </object_component>
      <object_component id="oc-4eb">
         <name>.debug_info</name>
         <load_address>0x56b0</load_address>
         <run_address>0x56b0</run_address>
         <size>0x117</size>
         <input_file_ref idref="fl-2e"/>
      </object_component>
      <object_component id="oc-5fe">
         <name>.debug_info</name>
         <load_address>0x57c7</load_address>
         <run_address>0x57c7</run_address>
         <size>0x15b</size>
         <input_file_ref idref="fl-32"/>
      </object_component>
      <object_component id="oc-689">
         <name>.debug_info</name>
         <load_address>0x5922</load_address>
         <run_address>0x5922</run_address>
         <size>0x1d4</size>
         <input_file_ref idref="fl-33"/>
      </object_component>
      <object_component id="oc-649">
         <name>.debug_info</name>
         <load_address>0x5af6</load_address>
         <run_address>0x5af6</run_address>
         <size>0x1e8</size>
         <input_file_ref idref="fl-33"/>
      </object_component>
      <object_component id="oc-6c8">
         <name>.debug_info</name>
         <load_address>0x5cde</load_address>
         <run_address>0x5cde</run_address>
         <size>0x209</size>
         <input_file_ref idref="fl-34"/>
      </object_component>
      <object_component id="oc-6a5">
         <name>.debug_info</name>
         <load_address>0x5ee7</load_address>
         <run_address>0x5ee7</run_address>
         <size>0x2b1</size>
         <input_file_ref idref="fl-34"/>
      </object_component>
      <object_component id="oc-699">
         <name>.debug_info</name>
         <load_address>0x6198</load_address>
         <run_address>0x6198</run_address>
         <size>0x1db</size>
         <input_file_ref idref="fl-35"/>
      </object_component>
      <object_component id="oc-65e">
         <name>.debug_info</name>
         <load_address>0x6373</load_address>
         <run_address>0x6373</run_address>
         <size>0x5b2</size>
         <input_file_ref idref="fl-35"/>
      </object_component>
      <object_component id="oc-54e">
         <name>.debug_info</name>
         <load_address>0x6925</load_address>
         <run_address>0x6925</run_address>
         <size>0x119</size>
         <input_file_ref idref="fl-36"/>
      </object_component>
      <object_component id="oc-552">
         <name>.debug_info</name>
         <load_address>0x6a3e</load_address>
         <run_address>0x6a3e</run_address>
         <size>0x119</size>
         <input_file_ref idref="fl-38"/>
      </object_component>
      <object_component id="oc-55f">
         <name>.debug_info</name>
         <load_address>0x6b57</load_address>
         <run_address>0x6b57</run_address>
         <size>0x122</size>
         <input_file_ref idref="fl-39"/>
      </object_component>
      <object_component id="oc-564">
         <name>.debug_info</name>
         <load_address>0x6c79</load_address>
         <run_address>0x6c79</run_address>
         <size>0x12d</size>
         <input_file_ref idref="fl-3a"/>
      </object_component>
      <object_component id="oc-56f">
         <name>.debug_info</name>
         <load_address>0x6da6</load_address>
         <run_address>0x6da6</run_address>
         <size>0x11c</size>
         <input_file_ref idref="fl-3b"/>
      </object_component>
      <object_component id="oc-4b4">
         <name>.debug_info</name>
         <load_address>0x6ec2</load_address>
         <run_address>0x6ec2</run_address>
         <size>0x107</size>
         <input_file_ref idref="fl-58"/>
      </object_component>
      <object_component id="oc-6b3">
         <name>.debug_info</name>
         <load_address>0x6fc9</load_address>
         <run_address>0x6fc9</run_address>
         <size>0x118</size>
         <input_file_ref idref="fl-59"/>
      </object_component>
      <object_component id="oc-665">
         <name>.debug_info</name>
         <load_address>0x70e1</load_address>
         <run_address>0x70e1</run_address>
         <size>0x11e</size>
         <input_file_ref idref="fl-59"/>
      </object_component>
      <object_component id="oc-6b8">
         <name>.debug_info</name>
         <load_address>0x71ff</load_address>
         <run_address>0x71ff</run_address>
         <size>0x118</size>
         <input_file_ref idref="fl-5a"/>
      </object_component>
      <object_component id="oc-684">
         <name>.debug_info</name>
         <load_address>0x7317</load_address>
         <run_address>0x7317</run_address>
         <size>0x11e</size>
         <input_file_ref idref="fl-5a"/>
      </object_component>
      <object_component id="oc-4fc">
         <name>.debug_info</name>
         <load_address>0x7435</load_address>
         <run_address>0x7435</run_address>
         <size>0x17c</size>
         <input_file_ref idref="fl-5c"/>
      </object_component>
      <object_component id="oc-4a7">
         <name>.debug_info</name>
         <load_address>0x75b1</load_address>
         <run_address>0x75b1</run_address>
         <size>0x191</size>
         <input_file_ref idref="fl-5c"/>
      </object_component>
      <object_component id="oc-4fd">
         <name>.debug_info</name>
         <load_address>0x7742</load_address>
         <run_address>0x7742</run_address>
         <size>0x2c</size>
         <input_file_ref idref="fl-5c"/>
      </object_component>
      <object_component id="oc-65b">
         <name>.debug_info</name>
         <load_address>0x776e</load_address>
         <run_address>0x776e</run_address>
         <size>0x206</size>
         <input_file_ref idref="fl-5e"/>
      </object_component>
      <object_component id="oc-602">
         <name>.debug_info</name>
         <load_address>0x7974</load_address>
         <run_address>0x7974</run_address>
         <size>0x258</size>
         <input_file_ref idref="fl-5e"/>
      </object_component>
      <object_component id="oc-58b">
         <name>.debug_info</name>
         <load_address>0x7bcc</load_address>
         <run_address>0x7bcc</run_address>
         <size>0x128</size>
         <input_file_ref idref="fl-61"/>
      </object_component>
      <object_component id="oc-68b">
         <name>.debug_info</name>
         <load_address>0x7cf4</load_address>
         <run_address>0x7cf4</run_address>
         <size>0x128</size>
         <input_file_ref idref="fl-64"/>
      </object_component>
      <object_component id="oc-4c0">
         <name>.debug_info</name>
         <load_address>0x7e1c</load_address>
         <run_address>0x7e1c</run_address>
         <size>0x148</size>
         <input_file_ref idref="fl-66"/>
      </object_component>
      <object_component id="oc-6cf">
         <name>.debug_info</name>
         <load_address>0x7f64</load_address>
         <run_address>0x7f64</run_address>
         <size>0x1db</size>
         <input_file_ref idref="fl-67"/>
      </object_component>
      <object_component id="oc-6c2">
         <name>.debug_info</name>
         <load_address>0x813f</load_address>
         <run_address>0x813f</run_address>
         <size>0x1d2</size>
         <input_file_ref idref="fl-67"/>
      </object_component>
      <object_component id="oc-675">
         <name>.debug_info</name>
         <load_address>0x8311</load_address>
         <run_address>0x8311</run_address>
         <size>0x198</size>
         <input_file_ref idref="fl-68"/>
      </object_component>
      <object_component id="oc-6bf">
         <name>.debug_info</name>
         <load_address>0x84a9</load_address>
         <run_address>0x84a9</run_address>
         <size>0x118</size>
         <input_file_ref idref="fl-6b"/>
      </object_component>
      <object_component id="oc-691">
         <name>.debug_info</name>
         <load_address>0x85c1</load_address>
         <run_address>0x85c1</run_address>
         <size>0x11e</size>
         <input_file_ref idref="fl-6b"/>
      </object_component>
      <object_component id="oc-51f">
         <name>.debug_info</name>
         <load_address>0x86df</load_address>
         <run_address>0x86df</run_address>
         <size>0x3f5</size>
         <input_file_ref idref="fl-6c"/>
      </object_component>
      <object_component id="oc-4c7">
         <name>.debug_info</name>
         <load_address>0x8ad4</load_address>
         <run_address>0x8ad4</run_address>
         <size>0x21e</size>
         <input_file_ref idref="fl-6c"/>
      </object_component>
      <object_component id="oc-594">
         <name>.debug_info</name>
         <load_address>0x8cf2</load_address>
         <run_address>0x8cf2</run_address>
         <size>0x39</size>
         <input_file_ref idref="fl-6c"/>
      </object_component>
      <object_component id="oc-51a">
         <name>.debug_info</name>
         <load_address>0x8d2b</load_address>
         <run_address>0x8d2b</run_address>
         <size>0x2c</size>
         <input_file_ref idref="fl-6c"/>
      </object_component>
      <object_component id="oc-599">
         <name>.debug_info</name>
         <load_address>0x8d57</load_address>
         <run_address>0x8d57</run_address>
         <size>0xcd</size>
         <input_file_ref idref="fl-6c"/>
      </object_component>
      <object_component id="oc-590">
         <name>.debug_info</name>
         <load_address>0x8e24</load_address>
         <run_address>0x8e24</run_address>
         <size>0x266</size>
         <input_file_ref idref="fl-6d"/>
      </object_component>
      <object_component id="oc-50e">
         <name>.debug_info</name>
         <load_address>0x908a</load_address>
         <run_address>0x908a</run_address>
         <size>0x1b0</size>
         <input_file_ref idref="fl-6d"/>
      </object_component>
      <object_component id="oc-62c">
         <name>.debug_info</name>
         <load_address>0x923a</load_address>
         <run_address>0x923a</run_address>
         <size>0x2c</size>
         <input_file_ref idref="fl-6d"/>
      </object_component>
      <object_component id="oc-695">
         <name>.debug_info</name>
         <load_address>0x9266</load_address>
         <run_address>0x9266</run_address>
         <size>0x1db</size>
         <input_file_ref idref="fl-6e"/>
      </object_component>
      <object_component id="oc-650">
         <name>.debug_info</name>
         <load_address>0x9441</load_address>
         <run_address>0x9441</run_address>
         <size>0x363</size>
         <input_file_ref idref="fl-6e"/>
      </object_component>
      <object_component id="oc-516">
         <name>.debug_info</name>
         <load_address>0x97a4</load_address>
         <run_address>0x97a4</run_address>
         <size>0x145</size>
         <input_file_ref idref="fl-6f"/>
      </object_component>
      <object_component id="oc-741">
         <name>.debug_info</name>
         <load_address>0x98e9</load_address>
         <run_address>0x98e9</run_address>
         <size>0xc6</size>
      </object_component>
      <object_component id="oc-67f">
         <name>.debug_line</name>
         <load_address>0x0</load_address>
         <run_address>0x0</run_address>
         <size>0x65</size>
         <input_file_ref idref="fl-2"/>
      </object_component>
      <object_component id="oc-575">
         <name>.debug_line</name>
         <load_address>0x65</load_address>
         <run_address>0x65</run_address>
         <size>0x59</size>
         <input_file_ref idref="fl-2"/>
      </object_component>
      <object_component id="oc-57b">
         <name>.debug_line</name>
         <load_address>0xbe</load_address>
         <run_address>0xbe</run_address>
         <size>0x44</size>
         <input_file_ref idref="fl-2"/>
      </object_component>
      <object_component id="oc-4a4">
         <name>.debug_line</name>
         <load_address>0x102</load_address>
         <run_address>0x102</run_address>
         <size>0x20</size>
         <input_file_ref idref="fl-2"/>
      </object_component>
      <object_component id="oc-627">
         <name>.debug_line</name>
         <load_address>0x122</load_address>
         <run_address>0x122</run_address>
         <size>0x57</size>
         <input_file_ref idref="fl-2"/>
      </object_component>
      <object_component id="oc-583">
         <name>.debug_line</name>
         <load_address>0x179</load_address>
         <run_address>0x179</run_address>
         <size>0x6a</size>
         <input_file_ref idref="fl-2"/>
      </object_component>
      <object_component id="oc-681">
         <name>.debug_line</name>
         <load_address>0x1e3</load_address>
         <run_address>0x1e3</run_address>
         <size>0xa5</size>
         <input_file_ref idref="fl-3"/>
      </object_component>
      <object_component id="oc-5d3">
         <name>.debug_line</name>
         <load_address>0x288</load_address>
         <run_address>0x288</run_address>
         <size>0x43</size>
         <input_file_ref idref="fl-3"/>
      </object_component>
      <object_component id="oc-5c1">
         <name>.debug_line</name>
         <load_address>0x2cb</load_address>
         <run_address>0x2cb</run_address>
         <size>0x56</size>
         <input_file_ref idref="fl-3"/>
      </object_component>
      <object_component id="oc-53e">
         <name>.debug_line</name>
         <load_address>0x321</load_address>
         <run_address>0x321</run_address>
         <size>0x58</size>
         <input_file_ref idref="fl-3"/>
      </object_component>
      <object_component id="oc-5c7">
         <name>.debug_line</name>
         <load_address>0x379</load_address>
         <run_address>0x379</run_address>
         <size>0x47</size>
         <input_file_ref idref="fl-3"/>
      </object_component>
      <object_component id="oc-5d9">
         <name>.debug_line</name>
         <load_address>0x3c0</load_address>
         <run_address>0x3c0</run_address>
         <size>0x43</size>
         <input_file_ref idref="fl-3"/>
      </object_component>
      <object_component id="oc-5cd">
         <name>.debug_line</name>
         <load_address>0x403</load_address>
         <run_address>0x403</run_address>
         <size>0x42</size>
         <input_file_ref idref="fl-3"/>
      </object_component>
      <object_component id="oc-5e3">
         <name>.debug_line</name>
         <load_address>0x445</load_address>
         <run_address>0x445</run_address>
         <size>0x63</size>
         <input_file_ref idref="fl-3"/>
      </object_component>
      <object_component id="oc-5e9">
         <name>.debug_line</name>
         <load_address>0x4a8</load_address>
         <run_address>0x4a8</run_address>
         <size>0x60</size>
         <input_file_ref idref="fl-3"/>
      </object_component>
      <object_component id="oc-645">
         <name>.debug_line</name>
         <load_address>0x508</load_address>
         <run_address>0x508</run_address>
         <size>0x6f</size>
         <input_file_ref idref="fl-3"/>
      </object_component>
      <object_component id="oc-63d">
         <name>.debug_line</name>
         <load_address>0x577</load_address>
         <run_address>0x577</run_address>
         <size>0x86</size>
         <input_file_ref idref="fl-4"/>
      </object_component>
      <object_component id="oc-544">
         <name>.debug_line</name>
         <load_address>0x5fd</load_address>
         <run_address>0x5fd</run_address>
         <size>0x5d</size>
         <input_file_ref idref="fl-4"/>
      </object_component>
      <object_component id="oc-66f">
         <name>.debug_line</name>
         <load_address>0x65a</load_address>
         <run_address>0x65a</run_address>
         <size>0x58</size>
         <input_file_ref idref="fl-4"/>
      </object_component>
      <object_component id="oc-5f0">
         <name>.debug_line</name>
         <load_address>0x6b2</load_address>
         <run_address>0x6b2</run_address>
         <size>0x44</size>
         <input_file_ref idref="fl-4"/>
      </object_component>
      <object_component id="oc-54a">
         <name>.debug_line</name>
         <load_address>0x6f6</load_address>
         <run_address>0x6f6</run_address>
         <size>0x50</size>
         <input_file_ref idref="fl-4"/>
      </object_component>
      <object_component id="oc-5f9">
         <name>.debug_line</name>
         <load_address>0x746</load_address>
         <run_address>0x746</run_address>
         <size>0x54</size>
         <input_file_ref idref="fl-4"/>
      </object_component>
      <object_component id="oc-61a">
         <name>.debug_line</name>
         <load_address>0x79a</load_address>
         <run_address>0x79a</run_address>
         <size>0x49</size>
         <input_file_ref idref="fl-4"/>
      </object_component>
      <object_component id="oc-56a">
         <name>.debug_line</name>
         <load_address>0x7e3</load_address>
         <run_address>0x7e3</run_address>
         <size>0x6e</size>
         <input_file_ref idref="fl-4"/>
      </object_component>
      <object_component id="oc-55a">
         <name>.debug_line</name>
         <load_address>0x851</load_address>
         <run_address>0x851</run_address>
         <size>0x45</size>
         <input_file_ref idref="fl-4"/>
      </object_component>
      <object_component id="oc-623">
         <name>.debug_line</name>
         <load_address>0x896</load_address>
         <run_address>0x896</run_address>
         <size>0xcb</size>
         <input_file_ref idref="fl-5"/>
      </object_component>
      <object_component id="oc-5ba">
         <name>.debug_line</name>
         <load_address>0x961</load_address>
         <run_address>0x961</run_address>
         <size>0x2d</size>
         <input_file_ref idref="fl-5"/>
      </object_component>
      <object_component id="oc-5bc">
         <name>.debug_line</name>
         <load_address>0x98e</load_address>
         <run_address>0x98e</run_address>
         <size>0x2d</size>
         <input_file_ref idref="fl-5"/>
      </object_component>
      <object_component id="oc-4e3">
         <name>.debug_line</name>
         <load_address>0x9bb</load_address>
         <run_address>0x9bb</run_address>
         <size>0xe3</size>
         <input_file_ref idref="fl-5"/>
      </object_component>
      <object_component id="oc-6ca">
         <name>.debug_line</name>
         <load_address>0xa9e</load_address>
         <run_address>0xa9e</run_address>
         <size>0x2d</size>
         <input_file_ref idref="fl-26"/>
      </object_component>
      <object_component id="oc-67b">
         <name>.debug_line</name>
         <load_address>0xacb</load_address>
         <run_address>0xacb</run_address>
         <size>0xc9</size>
         <input_file_ref idref="fl-26"/>
      </object_component>
      <object_component id="oc-659">
         <name>.debug_line</name>
         <load_address>0xb94</load_address>
         <run_address>0xb94</run_address>
         <size>0x2e</size>
         <input_file_ref idref="fl-26"/>
      </object_component>
      <object_component id="oc-4f4">
         <name>.debug_line</name>
         <load_address>0xbc2</load_address>
         <run_address>0xbc2</run_address>
         <size>0x2a</size>
         <input_file_ref idref="fl-27"/>
      </object_component>
      <object_component id="oc-bd">
         <name>.debug_line</name>
         <load_address>0xbec</load_address>
         <run_address>0xbec</run_address>
         <size>0x4c</size>
         <input_file_ref idref="fl-28"/>
      </object_component>
      <object_component id="oc-50b">
         <name>.debug_line</name>
         <load_address>0xc38</load_address>
         <run_address>0xc38</run_address>
         <size>0x20</size>
         <input_file_ref idref="fl-2b"/>
      </object_component>
      <object_component id="oc-9f">
         <name>.debug_line</name>
         <load_address>0xc58</load_address>
         <run_address>0xc58</run_address>
         <size>0x4d</size>
         <input_file_ref idref="fl-2b"/>
      </object_component>
      <object_component id="oc-4bc">
         <name>.debug_line</name>
         <load_address>0xca5</load_address>
         <run_address>0xca5</run_address>
         <size>0x34</size>
         <input_file_ref idref="fl-2b"/>
      </object_component>
      <object_component id="oc-69e">
         <name>.debug_line</name>
         <load_address>0xcd9</load_address>
         <run_address>0xcd9</run_address>
         <size>0x20</size>
         <input_file_ref idref="fl-2c"/>
      </object_component>
      <object_component id="oc-611">
         <name>.debug_line</name>
         <load_address>0xcf9</load_address>
         <run_address>0xcf9</run_address>
         <size>0x6b</size>
         <input_file_ref idref="fl-2c"/>
      </object_component>
      <object_component id="oc-69b">
         <name>.debug_line</name>
         <load_address>0xd64</load_address>
         <run_address>0xd64</run_address>
         <size>0x2d</size>
         <input_file_ref idref="fl-2d"/>
      </object_component>
      <object_component id="oc-60a">
         <name>.debug_line</name>
         <load_address>0xd91</load_address>
         <run_address>0xd91</run_address>
         <size>0xe9</size>
         <input_file_ref idref="fl-2d"/>
      </object_component>
      <object_component id="oc-4e8">
         <name>.debug_line</name>
         <load_address>0xe7a</load_address>
         <run_address>0xe7a</run_address>
         <size>0x3d</size>
         <input_file_ref idref="fl-2e"/>
      </object_component>
      <object_component id="oc-600">
         <name>.debug_line</name>
         <load_address>0xeb7</load_address>
         <run_address>0xeb7</run_address>
         <size>0x3d</size>
         <input_file_ref idref="fl-32"/>
      </object_component>
      <object_component id="oc-6ab">
         <name>.debug_line</name>
         <load_address>0xef4</load_address>
         <run_address>0xef4</run_address>
         <size>0x20</size>
         <input_file_ref idref="fl-33"/>
      </object_component>
      <object_component id="oc-64d">
         <name>.debug_line</name>
         <load_address>0xf14</load_address>
         <run_address>0xf14</run_address>
         <size>0x7c</size>
         <input_file_ref idref="fl-33"/>
      </object_component>
      <object_component id="oc-6d1">
         <name>.debug_line</name>
         <load_address>0xf90</load_address>
         <run_address>0xf90</run_address>
         <size>0x2d</size>
         <input_file_ref idref="fl-34"/>
      </object_component>
      <object_component id="oc-6a4">
         <name>.debug_line</name>
         <load_address>0xfbd</load_address>
         <run_address>0xfbd</run_address>
         <size>0xfd</size>
         <input_file_ref idref="fl-34"/>
      </object_component>
      <object_component id="oc-6b1">
         <name>.debug_line</name>
         <load_address>0x10ba</load_address>
         <run_address>0x10ba</run_address>
         <size>0x20</size>
         <input_file_ref idref="fl-35"/>
      </object_component>
      <object_component id="oc-65d">
         <name>.debug_line</name>
         <load_address>0x10da</load_address>
         <run_address>0x10da</run_address>
         <size>0xd8</size>
         <input_file_ref idref="fl-35"/>
      </object_component>
      <object_component id="oc-550">
         <name>.debug_line</name>
         <load_address>0x11b2</load_address>
         <run_address>0x11b2</run_address>
         <size>0xbb</size>
         <input_file_ref idref="fl-36"/>
      </object_component>
      <object_component id="oc-555">
         <name>.debug_line</name>
         <load_address>0x126d</load_address>
         <run_address>0x126d</run_address>
         <size>0x7d</size>
         <input_file_ref idref="fl-38"/>
      </object_component>
      <object_component id="oc-55d">
         <name>.debug_line</name>
         <load_address>0x12ea</load_address>
         <run_address>0x12ea</run_address>
         <size>0x55</size>
         <input_file_ref idref="fl-39"/>
      </object_component>
      <object_component id="oc-562">
         <name>.debug_line</name>
         <load_address>0x133f</load_address>
         <run_address>0x133f</run_address>
         <size>0x68</size>
         <input_file_ref idref="fl-3a"/>
      </object_component>
      <object_component id="oc-56e">
         <name>.debug_line</name>
         <load_address>0x13a7</load_address>
         <run_address>0x13a7</run_address>
         <size>0x4d</size>
         <input_file_ref idref="fl-3b"/>
      </object_component>
      <object_component id="oc-4b7">
         <name>.debug_line</name>
         <load_address>0x13f4</load_address>
         <run_address>0x13f4</run_address>
         <size>0x3d</size>
         <input_file_ref idref="fl-58"/>
      </object_component>
      <object_component id="oc-6b6">
         <name>.debug_line</name>
         <load_address>0x1431</load_address>
         <run_address>0x1431</run_address>
         <size>0x3e</size>
         <input_file_ref idref="fl-59"/>
      </object_component>
      <object_component id="oc-668">
         <name>.debug_line</name>
         <load_address>0x146f</load_address>
         <run_address>0x146f</run_address>
         <size>0x56</size>
         <input_file_ref idref="fl-59"/>
      </object_component>
      <object_component id="oc-6bb">
         <name>.debug_line</name>
         <load_address>0x14c5</load_address>
         <run_address>0x14c5</run_address>
         <size>0x41</size>
         <input_file_ref idref="fl-5a"/>
      </object_component>
      <object_component id="oc-687">
         <name>.debug_line</name>
         <load_address>0x1506</load_address>
         <run_address>0x1506</run_address>
         <size>0x56</size>
         <input_file_ref idref="fl-5a"/>
      </object_component>
      <object_component id="oc-589">
         <name>.debug_line</name>
         <load_address>0x155c</load_address>
         <run_address>0x155c</run_address>
         <size>0x20</size>
         <input_file_ref idref="fl-5c"/>
      </object_component>
      <object_component id="oc-4aa">
         <name>.debug_line</name>
         <load_address>0x157c</load_address>
         <run_address>0x157c</run_address>
         <size>0x45</size>
         <input_file_ref idref="fl-5c"/>
      </object_component>
      <object_component id="oc-500">
         <name>.debug_line</name>
         <load_address>0x15c1</load_address>
         <run_address>0x15c1</run_address>
         <size>0x8a</size>
         <input_file_ref idref="fl-5c"/>
      </object_component>
      <object_component id="oc-697">
         <name>.debug_line</name>
         <load_address>0x164b</load_address>
         <run_address>0x164b</run_address>
         <size>0x2d</size>
         <input_file_ref idref="fl-5e"/>
      </object_component>
      <object_component id="oc-605">
         <name>.debug_line</name>
         <load_address>0x1678</load_address>
         <run_address>0x1678</run_address>
         <size>0xfa</size>
         <input_file_ref idref="fl-5e"/>
      </object_component>
      <object_component id="oc-58e">
         <name>.debug_line</name>
         <load_address>0x1772</load_address>
         <run_address>0x1772</run_address>
         <size>0x46</size>
         <input_file_ref idref="fl-61"/>
      </object_component>
      <object_component id="oc-68e">
         <name>.debug_line</name>
         <load_address>0x17b8</load_address>
         <run_address>0x17b8</run_address>
         <size>0x49</size>
         <input_file_ref idref="fl-64"/>
      </object_component>
      <object_component id="oc-4c3">
         <name>.debug_line</name>
         <load_address>0x1801</load_address>
         <run_address>0x1801</run_address>
         <size>0x3e</size>
[...]
      </symbol>
      <symbol id="sm-4ac">
         <name>i2c_set_slave</name>
         <value>0x12854</value>
         <object_component_ref idref="oc-5c9"/>
      </symbol>
      <symbol id="sm-4ad">
         <name>i2c_send</name>
         <value>0x12068</value>
         <object_component_ref idref="oc-5df"/>
      </symbol>
      <symbol id="sm-4ae">
         <name>port_mapping_ucb0</name>
         <value>0x127a2</value>
         <object_component_ref idref="oc-5cf"/>
      </symbol>
      <symbol id="sm-4af">
         <name>i2c_pin_reset</name>
         <value>0x1254e</value>
         <object_component_ref idref="oc-5bd"/>
      </symbol>
      <symbol id="sm-4b0">
         <name>i2c_receive_burst</name>
         <value>0x11c92</value>
         <object_component_ref idref="oc-641"/>
      </symbol>
      <symbol id="sm-4b1">
         <name>i2c_set_mode</name>
         <value>0x12834</value>
         <object_component_ref idref="oc-5d5"/>
      </symbol>
      <symbol id="sm-4fb">
         <name>imu_temp_data</name>
         <value>0x2400</value>
      </symbol>
      <symbol id="sm-4fc">
         <name>read_magnetometer</name>
         <value>0x11b8a</value>
         <object_component_ref idref="oc-556"/>
      </symbol>
      <symbol id="sm-4fd">
         <name>mag_read</name>
         <value>0x12418</value>
         <object_component_ref idref="oc-5f5"/>
      </symbol>
      <symbol id="sm-4fe">
         <name>write_i2c</name>
         <value>0x1273c</value>
         <object_component_ref idref="oc-5ec"/>
      </symbol>
      <symbol id="sm-4ff">
         <name>average</name>
         <value>0x118c0</value>
         <object_component_ref idref="oc-566"/>
      </symbol>
      <symbol id="sm-500">
         <name>imu_setup</name>
         <value>0x11e5e</value>
         <object_component_ref idref="oc-540"/>
      </symbol>
      <symbol id="sm-501">
         <name>mag_setup</name>
         <value>0x12324</value>
         <object_component_ref idref="oc-546"/>
      </symbol>
      <symbol id="sm-502">
         <name>read_accel_gyr</name>
         <value>0x111f8</value>
         <object_component_ref idref="oc-616"/>
      </symbol>
      <symbol id="sm-503">
         <name>imu_read</name>
         <value>0x123a6</value>
         <object_component_ref idref="oc-66b"/>
      </symbol>
      <symbol id="sm-522">
         <name>main</name>
         <value>0x10000</value>
         <object_component_ref idref="oc-4df"/>
      </symbol>
      <symbol id="sm-549">
         <name>__mspabi_addd</name>
         <value>0x10a18</value>
         <object_component_ref idref="oc-677"/>
      </symbol>
      <symbol id="sm-551">
         <name>_stack</name>
         <value>0x6360</value>
         <object_component_ref idref="oc-497"/>
      </symbol>
      <symbol id="sm-552">
         <name>_reset_vector</name>
         <value>0xfffe</value>
         <object_component_ref idref="oc-49a"/>
      </symbol>
      <symbol id="sm-55c">
         <name>_c_int00_noargs_noexit</name>
         <value>0x8000</value>
         <object_component_ref idref="oc-b9"/>
      </symbol>
      <symbol id="sm-571">
         <name>__TI_zero_init</name>
         <value>0x127c8</value>
         <object_component_ref idref="oc-9b"/>
      </symbol>
      <symbol id="sm-584">
         <name>__mspabi_cvtdf</name>
         <value>0x1218a</value>
         <object_component_ref idref="oc-60d"/>
      </symbol>
      <symbol id="sm-5a5">
         <name>__mspabi_divd</name>
         <value>0x1169e</value>
         <object_component_ref idref="oc-607"/>
      </symbol>
      <symbol id="sm-5af">
         <name>C$$EXIT</name>
         <value>0x128f2</value>
         <object_component_ref idref="oc-4e7"/>
      </symbol>
      <symbol id="sm-5b0">
         <name>abort</name>
         <value>0x128f2</value>
         <object_component_ref idref="oc-4e7"/>
      </symbol>
      <symbol id="sm-5bc">
         <name>__mspabi_fltid</name>
         <value>0x128e6</value>
         <object_component_ref idref="oc-5fb"/>
      </symbol>
      <symbol id="sm-5d4">
         <name>__mspabi_fltlid</name>
         <value>0x11fca</value>
         <object_component_ref idref="oc-648"/>
      </symbol>
      <symbol id="sm-5f5">
         <name>__TI_frcaddd</name>
         <value>0x1144c</value>
         <object_component_ref idref="oc-6a1"/>
      </symbol>
      <symbol id="sm-610">
         <name>__TI_frcdivd</name>
         <value>0x105a0</value>
         <object_component_ref idref="oc-65c"/>
      </symbol>
      <symbol id="sm-62b">
         <name>__mspabi_subf</name>
         <value>0x11a58</value>
         <object_component_ref idref="oc-54c"/>
      </symbol>
      <symbol id="sm-62c">
         <name>__mspabi_addf</name>
         <value>0x11a5e</value>
         <object_component_ref idref="oc-54c"/>
      </symbol>
      <symbol id="sm-63f">
         <name>__mspabi_divf</name>
         <value>0x120fa</value>
         <object_component_ref idref="oc-551"/>
      </symbol>
      <symbol id="sm-64c">
         <name>__mspabi_fltif</name>
         <value>0x12706</value>
         <object_component_ref idref="oc-55c"/>
      </symbol>
      <symbol id="sm-65e">
         <name>__mspabi_fixfi</name>
         <value>0x12480</value>
         <object_component_ref idref="oc-561"/>
      </symbol>
      <symbol id="sm-669">
         <name>__mspabi_fltuf</name>
         <value>0x127ec</value>
         <object_component_ref idref="oc-56c"/>
      </symbol>
      <symbol id="sm-66c">
         <name>__TI_int35</name>
         <value>0xffc6</value>
         <object_component_ref idref="oc-7f"/>
      </symbol>
      <symbol id="sm-66f">
         <name>__TI_int36</name>
         <value>0xffc8</value>
         <object_component_ref idref="oc-80"/>
      </symbol>
      <symbol id="sm-672">
         <name>__TI_int37</name>
         <value>0xffca</value>
         <object_component_ref idref="oc-81"/>
      </symbol>
      <symbol id="sm-675">
         <name>__TI_int38</name>
         <value>0xffcc</value>
         <object_component_ref idref="oc-82"/>
      </symbol>
      <symbol id="sm-678">
         <name>__TI_int39</name>
         <value>0xffce</value>
         <object_component_ref idref="oc-83"/>
      </symbol>
      <symbol id="sm-67b">
         <name>__TI_int40</name>
         <value>0xffd0</value>
         <object_component_ref idref="oc-84"/>
      </symbol>
      <symbol id="sm-67e">
         <name>__TI_int41</name>
         <value>0xffd2</value>
         <object_component_ref idref="oc-85"/>
      </symbol>
      <symbol id="sm-681">
         <name>__TI_int42</name>
         <value>0xffd4</value>
         <object_component_ref idref="oc-86"/>
      </symbol>
      <symbol id="sm-684">
         <name>__TI_int43</name>
         <value>0xffd6</value>
         <object_component_ref idref="oc-87"/>
      </symbol>
      <symbol id="sm-687">
         <name>__TI_int44</name>
         <value>0xffd8</value>
         <object_component_ref idref="oc-88"/>
      </symbol>
      <symbol id="sm-68a">
         <name>__TI_int45</name>
         <value>0xffda</value>
         <object_component_ref idref="oc-89"/>
      </symbol>
      <symbol id="sm-68d">
         <name>__TI_int46</name>
         <value>0xffdc</value>
         <object_component_ref idref="oc-8a"/>
      </symbol>
      <symbol id="sm-690">
         <name>__TI_int47</name>
         <value>0xffde</value>
         <object_component_ref idref="oc-8b"/>
      </symbol>
      <symbol id="sm-693">
         <name>__TI_int48</name>
         <value>0xffe0</value>
         <object_component_ref idref="oc-8c"/>
      </symbol>
      <symbol id="sm-696">
         <name>__TI_int49</name>
         <value>0xffe2</value>
         <object_component_ref idref="oc-8d"/>
      </symbol>
      <symbol id="sm-699">
         <name>__TI_int50</name>
         <value>0xffe4</value>
         <object_component_ref idref="oc-8e"/>
      </symbol>
      <symbol id="sm-69c">
         <name>__TI_int51</name>
         <value>0xffe6</value>
         <object_component_ref idref="oc-8f"/>
      </symbol>
      <symbol id="sm-69f">
         <name>__TI_int52</name>
         <value>0xffe8</value>
         <object_component_ref idref="oc-90"/>
      </symbol>
      <symbol id="sm-6a2">
         <name>__TI_int53</name>
         <value>0xffea</value>
         <object_component_ref idref="oc-91"/>
      </symbol>
      <symbol id="sm-6a5">
         <name>__TI_int54</name>
         <value>0xffec</value>
         <object_component_ref idref="oc-92"/>
      </symbol>
      <symbol id="sm-6a8">
         <name>__TI_int55</name>
         <value>0xffee</value>
         <object_component_ref idref="oc-93"/>
      </symbol>
      <symbol id="sm-6ab">
         <name>__TI_int56</name>
         <value>0xfff0</value>
         <object_component_ref idref="oc-94"/>
      </symbol>
      <symbol id="sm-6ae">
         <name>__TI_int57</name>
         <value>0xfff2</value>
         <object_component_ref idref="oc-95"/>
      </symbol>
      <symbol id="sm-6b1">
         <name>__TI_int58</name>
         <value>0xfff4</value>
         <object_component_ref idref="oc-96"/>
      </symbol>
      <symbol id="sm-6b4">
         <name>__TI_int59</name>
         <value>0xfff6</value>
         <object_component_ref idref="oc-97"/>
      </symbol>
      <symbol id="sm-6b7">
         <name>__TI_int60</name>
         <value>0xfff8</value>
         <object_component_ref idref="oc-98"/>
      </symbol>
      <symbol id="sm-6ba">
         <name>__TI_int61</name>
         <value>0xfffa</value>
         <object_component_ref idref="oc-99"/>
      </symbol>
      <symbol id="sm-6bd">
         <name>__TI_int62</name>
         <value>0xfffc</value>
         <object_component_ref idref="oc-9a"/>
      </symbol>
      <symbol id="sm-6c5">
         <name>__TI_ISR_TRAP</name>
         <value>0x801a</value>
         <object_component_ref idref="oc-4b3"/>
      </symbol>
      <symbol id="sm-6d5">
         <name>__mspabi_slll_9</name>
         <value>0x12666</value>
         <object_component_ref idref="oc-664"/>
      </symbol>
      <symbol id="sm-6d6">
         <name>__mspabi_slll_8</name>
         <value>0x1266a</value>
         <object_component_ref idref="oc-664"/>
      </symbol>
      <symbol id="sm-6d7">
         <name>__mspabi_slll_7</name>
         <value>0x1266e</value>
         <object_component_ref idref="oc-664"/>
      </symbol>
      <symbol id="sm-6d8">
         <name>__mspabi_slll_6</name>
         <value>0x12672</value>
         <object_component_ref idref="oc-664"/>
      </symbol>
      <symbol id="sm-6d9">
         <name>__mspabi_slll_5</name>
         <value>0x12676</value>
         <object_component_ref idref="oc-664"/>
      </symbol>
      <symbol id="sm-6da">
         <name>__mspabi_slll_4</name>
         <value>0x1267a</value>
         <object_component_ref idref="oc-664"/>
      </symbol>
      <symbol id="sm-6db">
         <name>__mspabi_slll_3</name>
         <value>0x1267e</value>
         <object_component_ref idref="oc-664"/>
      </symbol>
      <symbol id="sm-6dc">
         <name>__mspabi_slll_2</name>
         <value>0x12682</value>
         <object_component_ref idref="oc-664"/>
      </symbol>
      <symbol id="sm-6dd">
         <name>__mspabi_slll_1</name>
         <value>0x12686</value>
         <object_component_ref idref="oc-664"/>
      </symbol>
      <symbol id="sm-6de">
         <name>__mspabi_slll</name>
         <value>0x128c6</value>
         <object_component_ref idref="oc-6b2"/>
      </symbol>
      <symbol id="sm-6df">
         <name>__mspabi_slll_15</name>
         <value>0x1264e</value>
         <object_component_ref idref="oc-664"/>
      </symbol>
      <symbol id="sm-6e0">
         <name>__mspabi_slll_14</name>
         <value>0x12652</value>
         <object_component_ref idref="oc-664"/>
      </symbol>
      <symbol id="sm-6e1">
         <name>__mspabi_slll_13</name>
         <value>0x12656</value>
         <object_component_ref idref="oc-664"/>
      </symbol>
      <symbol id="sm-6e2">
         <name>__mspabi_slll_12</name>
         <value>0x1265a</value>
         <object_component_ref idref="oc-664"/>
      </symbol>
      <symbol id="sm-6e3">
         <name>__mspabi_slll_11</name>
         <value>0x1265e</value>
         <object_component_ref idref="oc-664"/>
      </symbol>
      <symbol id="sm-6e4">
         <name>__mspabi_slll_10</name>
         <value>0x12662</value>
         <object_component_ref idref="oc-664"/>
      </symbol>
      <symbol id="sm-6f4">
         <name>__mspabi_srll_8</name>
         <value>0x126a8</value>
         <object_component_ref idref="oc-683"/>
      </symbol>
      <symbol id="sm-6f5">
         <name>__mspabi_srll_9</name>
         <value>0x126a4</value>
         <object_component_ref idref="oc-683"/>
      </symbol>
      <symbol id="sm-6f6">
         <name>__mspabi_srll_6</name>
         <value>0x126b0</value>
         <object_component_ref idref="oc-683"/>
      </symbol>
      <symbol id="sm-6f7">
         <name>__mspabi_srll_7</name>
         <value>0x126ac</value>
         <object_component_ref idref="oc-683"/>
      </symbol>
      <symbol id="sm-6f8">
         <name>__mspabi_srll_4</name>
         <value>0x126b8</value>
         <object_component_ref idref="oc-683"/>
      </symbol>
      <symbol id="sm-6f9">
         <name>__mspabi_srll_5</name>
         <value>0x126b4</value>
         <object_component_ref idref="oc-683"/>
      </symbol>
      <symbol id="sm-6fa">
         <name>__mspabi_srll_2</name>
         <value>0x126c0</value>
         <object_component_ref idref="oc-683"/>
      </symbol>
      <symbol id="sm-6fb">
         <name>__mspabi_srll_3</name>
         <value>0x126bc</value>
         <object_component_ref idref="oc-683"/>
      </symbol>
      <symbol id="sm-6fc">
         <name>__mspabi_srll_1</name>
         <value>0x126c4</value>
         <object_component_ref idref="oc-683"/>
      </symbol>
      <symbol id="sm-6fd">
         <name>__mspabi_srll_15</name>
         <value>0x1268c</value>
         <object_component_ref idref="oc-683"/>
      </symbol>
      <symbol id="sm-6fe">
         <name>__mspabi_srll_14</name>
         <value>0x12690</value>
         <object_component_ref idref="oc-683"/>
      </symbol>
      <symbol id="sm-6ff">
         <name>__mspabi_srll_13</name>
         <value>0x12694</value>
         <object_component_ref idref="oc-683"/>
      </symbol>
      <symbol id="sm-700">
         <name>__mspabi_srll_12</name>
         <value>0x12698</value>
         <object_component_ref idref="oc-683"/>
      </symbol>
      <symbol id="sm-701">
         <name>__mspabi_srll_11</name>
         <value>0x1269c</value>
         <object_component_ref idref="oc-683"/>
      </symbol>
      <symbol id="sm-702">
         <name>__mspabi_srll_10</name>
         <value>0x126a0</value>
         <object_component_ref idref="oc-683"/>
      </symbol>
      <symbol id="sm-703">
         <name>__mspabi_srll</name>
         <value>0x128d6</value>
         <object_component_ref idref="oc-6b7"/>
      </symbol>
      <symbol id="sm-717">
         <name>memcpy</name>
         <value>0x128a2</value>
         <object_component_ref idref="oc-4a6"/>
      </symbol>
      <symbol id="sm-738">
         <name>__mspabi_mpyd</name>
         <value>0x10f76</value>
         <object_component_ref idref="oc-601"/>
      </symbol>
      <symbol id="sm-742">
         <name>__mspabi_mpyi_f5hw</name>
         <value>0x12874</value>
         <object_component_ref idref="oc-58a"/>
      </symbol>
      <symbol id="sm-74c">
         <name>__mspabi_mpyl_f5hw</name>
         <value>0x12810</value>
         <object_component_ref idref="oc-68a"/>
      </symbol>
      <symbol id="sm-756">
         <name>_system_pre_init</name>
         <value>0x128f8</value>
         <object_component_ref idref="oc-4bf"/>
      </symbol>
      <symbol id="sm-76a">
         <name>__TI_renormd</name>
         <value>0x11f18</value>
         <object_component_ref idref="oc-6c1"/>
      </symbol>
      <symbol id="sm-773">
         <name>__mspabi_subd</name>
         <value>0x12770</value>
         <object_component_ref idref="oc-671"/>
      </symbol>
      <symbol id="sm-785">
         <name>__mspabi_sral</name>
         <value>0x128b6</value>
         <object_component_ref idref="oc-6bc"/>
      </symbol>
      <symbol id="sm-786">
         <name>__mspabi_sral_15</name>
         <value>0x12610</value>
         <object_component_ref idref="oc-68f"/>
      </symbol>
      <symbol id="sm-787">
         <name>__mspabi_sral_14</name>
         <value>0x12614</value>
         <object_component_ref idref="oc-68f"/>
      </symbol>
      <symbol id="sm-788">
         <name>__mspabi_sral_13</name>
         <value>0x12618</value>
         <object_component_ref idref="oc-68f"/>
      </symbol>
      <symbol id="sm-789">
         <name>__mspabi_sral_12</name>
         <value>0x1261c</value>
         <object_component_ref idref="oc-68f"/>
      </symbol>
      <symbol id="sm-78a">
         <name>__mspabi_sral_11</name>
         <value>0x12620</value>
         <object_component_ref idref="oc-68f"/>
      </symbol>
      <symbol id="sm-78b">
         <name>__mspabi_sral_10</name>
         <value>0x12624</value>
         <object_component_ref idref="oc-68f"/>
      </symbol>
      <symbol id="sm-78c">
         <name>__mspabi_sral_8</name>
         <value>0x1262c</value>
         <object_component_ref idref="oc-68f"/>
      </symbol>
      <symbol id="sm-78d">
         <name>__mspabi_sral_9</name>
         <value>0x12628</value>
         <object_component_ref idref="oc-68f"/>
      </symbol>
      <symbol id="sm-78e">
         <name>__mspabi_sral_6</name>
         <value>0x12634</value>
         <object_component_ref idref="oc-68f"/>
      </symbol>
      <symbol id="sm-78f">
         <name>__mspabi_sral_7</name>
         <value>0x12630</value>
         <object_component_ref idref="oc-68f"/>
      </symbol>
      <symbol id="sm-790">
         <name>__mspabi_sral_4</name>
         <value>0x1263c</value>
         <object_component_ref idref="oc-68f"/>
      </symbol>
      <symbol id="sm-791">
         <name>__mspabi_sral_5</name>
         <value>0x12638</value>
         <object_component_ref idref="oc-68f"/>
      </symbol>
      <symbol id="sm-792">
         <name>__mspabi_sral_2</name>
         <value>0x12644</value>
         <object_component_ref idref="oc-68f"/>
      </symbol>
      <symbol id="sm-793">
         <name>__mspabi_sral_3</name>
         <value>0x12640</value>
         <object_component_ref idref="oc-68f"/>
      </symbol>
      <symbol id="sm-794">
         <name>__mspabi_sral_1</name>
         <value>0x12648</value>
         <object_component_ref idref="oc-68f"/>
      </symbol>
      <symbol id="sm-7b6">
         <name>_auto_init_hold_wdt</name>
         <value>0x122a2</value>
         <object_component_ref idref="oc-4c5"/>
      </symbol>
      <symbol id="sm-7cc">
         <name>copy_in</name>
         <value>0x124e8</value>
         <object_component_ref idref="oc-50d"/>
      </symbol>
      <symbol id="sm-7dd">
         <name>__TI_frcmpyd</name>
         <value>0x10cf0</value>
         <object_component_ref idref="oc-64f"/>
      </symbol>
      <symbol id="sm-7e6">
         <name>_system_post_cinit</name>
         <value>0x128fc</value>
         <object_component_ref idref="oc-513"/>
      </symbol>
      <symbol id="sm-7e8">
         <name>__TI_BINIT_Base</name>
         <value>0x0</value>
      </symbol>
      <symbol id="sm-7e9">
         <name>__TI_BINIT_Limit</name>
         <value>0x0</value>
      </symbol>
      <symbol id="sm-7ea">
         <name>__TI_INITARRAY_Base</name>
         <value>0x0</value>
      </symbol>
      <symbol id="sm-7eb">
         <name>__TI_INITARRAY_Limit</name>
         <value>0x0</value>
      </symbol>
   </symbol_table>
   <title>Link successful</title>
</link_info>
