<?xml version="1.0"?>
<link_info>
   <banner>MSP430 Linker Unix v16.6.0.STS</banner>
   <copyright>Copyright (c) 2003-2015 Texas Instruments Incorporated</copyright>
   <link_time>0x57d1bcf1</link_time>
   <link_errors>0x0</link_errors>
   <output_file>OBDHbase.out</output_file>
   <entry_point>
      <name>_c_int00_noargs_noexit</name>
      <address>0x8000</address>
   </entry_point>
   <input_file_list>
      <input_file id="fl-2">
         <path>./</path>
         <kind>object</kind>
         <file>main.obj</file>
         <name>main.obj</name>
      </input_file>
      <input_file id="fl-3">
         <path>./FreeRTOSSource/</path>
         <kind>object</kind>
         <file>croutine.obj</file>
         <name>croutine.obj</name>
      </input_file>
      <input_file id="fl-4">
         <path>./FreeRTOSSource/</path>
         <kind>object</kind>
         <file>event_groups.obj</file>
         <name>event_groups.obj</name>
      </input_file>
      <input_file id="fl-5">
         <path>./FreeRTOSSource/</path>
         <kind>object</kind>
         <file>list.obj</file>
         <name>list.obj</name>
      </input_file>
      <input_file id="fl-6">
         <path>./FreeRTOSSource/</path>
         <kind>object</kind>
         <file>queue.obj</file>
         <name>queue.obj</name>
      </input_file>
      <input_file id="fl-7">
         <path>./FreeRTOSSource/</path>
         <kind>object</kind>
         <file>tasks.obj</file>
         <name>tasks.obj</name>
      </input_file>
      <input_file id="fl-8">
         <path>./FreeRTOSSource/</path>
         <kind>object</kind>
         <file>timers.obj</file>
         <name>timers.obj</name>
      </input_file>
      <input_file id="fl-9">
         <path>./FreeRTOSSource/portable/CCS/MSP430X/</path>
         <kind>object</kind>
         <file>port.obj</file>
         <name>port.obj</name>
      </input_file>
      <input_file id="fl-a">
         <path>./FreeRTOSSource/portable/CCS/MSP430X/</path>
         <kind>object</kind>
         <file>portext.obj</file>
         <name>portext.obj</name>
      </input_file>
      <input_file id="fl-b">
         <path>./FreeRTOSSource/portable/MemMang/</path>
         <kind>object</kind>
         <file>heap_1.obj</file>
         <name>heap_1.obj</name>
      </input_file>
      <input_file id="fl-c">
         <path>./Fsat/</path>
         <kind>object</kind>
         <file>fsat_tasks.obj</file>
         <name>fsat_tasks.obj</name>
      </input_file>
      <input_file id="fl-2d">
         <path>/home/elder/ti/ccsv6/tools/compiler/ti-cgt-msp430_16.6.0.STS/lib/</path>
         <kind>archive</kind>
         <file>rts430x_lc_rd_eabi.lib</file>
         <name>boot.obj</name>
      </input_file>
      <input_file id="fl-2e">
         <path>/home/elder/ti/ccsv6/tools/compiler/ti-cgt-msp430_16.6.0.STS/lib/</path>
         <kind>archive</kind>
         <file>rts430x_lc_rd_eabi.lib</file>
         <name>boot_special.obj</name>
      </input_file>
      <input_file id="fl-2f">
         <path>/home/elder/ti/ccsv6/tools/compiler/ti-cgt-msp430_16.6.0.STS/lib/</path>
         <kind>archive</kind>
         <file>rts430x_lc_rd_eabi.lib</file>
         <name>copy_decompress_lzss.obj</name>
      </input_file>
      <input_file id="fl-30">
         <path>/home/elder/ti/ccsv6/tools/compiler/ti-cgt-msp430_16.6.0.STS/lib/</path>
         <kind>archive</kind>
         <file>rts430x_lc_rd_eabi.lib</file>
         <name>copy_decompress_none.obj</name>
      </input_file>
      <input_file id="fl-31">
         <path>/home/elder/ti/ccsv6/tools/compiler/ti-cgt-msp430_16.6.0.STS/lib/</path>
         <kind>archive</kind>
         <file>rts430x_lc_rd_eabi.lib</file>
         <name>copy_zero_init.obj</name>
      </input_file>
      <input_file id="fl-32">
         <path>/home/elder/ti/ccsv6/tools/compiler/ti-cgt-msp430_16.6.0.STS/lib/</path>
         <kind>archive</kind>
         <file>rts430x_lc_rd_eabi.lib</file>
         <name>div16u.obj</name>
      </input_file>
      <input_file id="fl-33">
         <path>/home/elder/ti/ccsv6/tools/compiler/ti-cgt-msp430_16.6.0.STS/lib/</path>
         <kind>archive</kind>
         <file>rts430x_lc_rd_eabi.lib</file>
         <name>exit.obj</name>
      </input_file>
      <input_file id="fl-34">
         <path>/home/elder/ti/ccsv6/tools/compiler/ti-cgt-msp430_16.6.0.STS/lib/</path>
         <kind>archive</kind>
         <file>rts430x_lc_rd_eabi.lib</file>
         <name>exit_gvars.obj</name>
      </input_file>
      <input_file id="fl-35">
         <path>/home/elder/ti/ccsv6/tools/compiler/ti-cgt-msp430_16.6.0.STS/lib/</path>
         <kind>archive</kind>
         <file>rts430x_lc_rd_eabi.lib</file>
         <name>int35.obj</name>
      </input_file>
      <input_file id="fl-36">
         <path>/home/elder/ti/ccsv6/tools/compiler/ti-cgt-msp430_16.6.0.STS/lib/</path>
         <kind>archive</kind>
         <file>rts430x_lc_rd_eabi.lib</file>
         <name>int36.obj</name>
      </input_file>
      <input_file id="fl-37">
         <path>/home/elder/ti/ccsv6/tools/compiler/ti-cgt-msp430_16.6.0.STS/lib/</path>
         <kind>archive</kind>
         <file>rts430x_lc_rd_eabi.lib</file>
         <name>int37.obj</name>
      </input_file>
      <input_file id="fl-38">
         <path>/home/elder/ti/ccsv6/tools/compiler/ti-cgt-msp430_16.6.0.STS/lib/</path>
         <kind>archive</kind>
         <file>rts430x_lc_rd_eabi.lib</file>
         <name>int38.obj</name>
      </input_file>
      <input_file id="fl-39">
         <path>/home/elder/ti/ccsv6/tools/compiler/ti-cgt-msp430_16.6.0.STS/lib/</path>
         <kind>archive</kind>
         <file>rts430x_lc_rd_eabi.lib</file>
         <name>int39.obj</name>
      </input_file>
      <input_file id="fl-3a">
         <path>/home/elder/ti/ccsv6/tools/compiler/ti-cgt-msp430_16.6.0.STS/lib/</path>
         <kind>archive</kind>
         <file>rts430x_lc_rd_eabi.lib</file>
         <name>int40.obj</name>
      </input_file>
      <input_file id="fl-3b">
         <path>/home/elder/ti/ccsv6/tools/compiler/ti-cgt-msp430_16.6.0.STS/lib/</path>
         <kind>archive</kind>
         <file>rts430x_lc_rd_eabi.lib</file>
         <name>int41.obj</name>
      </input_file>
      <input_file id="fl-3c">
         <path>/home/elder/ti/ccsv6/tools/compiler/ti-cgt-msp430_16.6.0.STS/lib/</path>
         <kind>archive</kind>
         <file>rts430x_lc_rd_eabi.lib</file>
         <name>int42.obj</name>
      </input_file>
      <input_file id="fl-3d">
         <path>/home/elder/ti/ccsv6/tools/compiler/ti-cgt-msp430_16.6.0.STS/lib/</path>
         <kind>archive</kind>
         <file>rts430x_lc_rd_eabi.lib</file>
         <name>int43.obj</name>
      </input_file>
      <input_file id="fl-3e">
         <path>/home/elder/ti/ccsv6/tools/compiler/ti-cgt-msp430_16.6.0.STS/lib/</path>
         <kind>archive</kind>
         <file>rts430x_lc_rd_eabi.lib</file>
         <name>int44.obj</name>
      </input_file>
      <input_file id="fl-3f">
         <path>/home/elder/ti/ccsv6/tools/compiler/ti-cgt-msp430_16.6.0.STS/lib/</path>
         <kind>archive</kind>
         <file>rts430x_lc_rd_eabi.lib</file>
         <name>int45.obj</name>
      </input_file>
      <input_file id="fl-40">
         <path>/home/elder/ti/ccsv6/tools/compiler/ti-cgt-msp430_16.6.0.STS/lib/</path>
         <kind>archive</kind>
         <file>rts430x_lc_rd_eabi.lib</file>
         <name>int46.obj</name>
      </input_file>
      <input_file id="fl-41">
         <path>/home/elder/ti/ccsv6/tools/compiler/ti-cgt-msp430_16.6.0.STS/lib/</path>
         <kind>archive</kind>
         <file>rts430x_lc_rd_eabi.lib</file>
         <name>int47.obj</name>
      </input_file>
      <input_file id="fl-42">
         <path>/home/elder/ti/ccsv6/tools/compiler/ti-cgt-msp430_16.6.0.STS/lib/</path>
         <kind>archive</kind>
         <file>rts430x_lc_rd_eabi.lib</file>
         <name>int48.obj</name>
      </input_file>
      <input_file id="fl-43">
         <path>/home/elder/ti/ccsv6/tools/compiler/ti-cgt-msp430_16.6.0.STS/lib/</path>
         <kind>archive</kind>
         <file>rts430x_lc_rd_eabi.lib</file>
         <name>int49.obj</name>
      </input_file>
      <input_file id="fl-44">
         <path>/home/elder/ti/ccsv6/tools/compiler/ti-cgt-msp430_16.6.0.STS/lib/</path>
         <kind>archive</kind>
         <file>rts430x_lc_rd_eabi.lib</file>
         <name>int50.obj</name>
      </input_file>
      <input_file id="fl-45">
         <path>/home/elder/ti/ccsv6/tools/compiler/ti-cgt-msp430_16.6.0.STS/lib/</path>
         <kind>archive</kind>
         <file>rts430x_lc_rd_eabi.lib</file>
         <name>int51.obj</name>
      </input_file>
      <input_file id="fl-46">
         <path>/home/elder/ti/ccsv6/tools/compiler/ti-cgt-msp430_16.6.0.STS/lib/</path>
         <kind>archive</kind>
         <file>rts430x_lc_rd_eabi.lib</file>
         <name>int52.obj</name>
      </input_file>
      <input_file id="fl-47">
         <path>/home/elder/ti/ccsv6/tools/compiler/ti-cgt-msp430_16.6.0.STS/lib/</path>
         <kind>archive</kind>
         <file>rts430x_lc_rd_eabi.lib</file>
         <name>int54.obj</name>
      </input_file>
      <input_file id="fl-48">
         <path>/home/elder/ti/ccsv6/tools/compiler/ti-cgt-msp430_16.6.0.STS/lib/</path>
         <kind>archive</kind>
         <file>rts430x_lc_rd_eabi.lib</file>
         <name>int55.obj</name>
      </input_file>
      <input_file id="fl-49">
         <path>/home/elder/ti/ccsv6/tools/compiler/ti-cgt-msp430_16.6.0.STS/lib/</path>
         <kind>archive</kind>
         <file>rts430x_lc_rd_eabi.lib</file>
         <name>int56.obj</name>
      </input_file>
      <input_file id="fl-4a">
         <path>/home/elder/ti/ccsv6/tools/compiler/ti-cgt-msp430_16.6.0.STS/lib/</path>
         <kind>archive</kind>
         <file>rts430x_lc_rd_eabi.lib</file>
         <name>int57.obj</name>
      </input_file>
      <input_file id="fl-4b">
         <path>/home/elder/ti/ccsv6/tools/compiler/ti-cgt-msp430_16.6.0.STS/lib/</path>
         <kind>archive</kind>
         <file>rts430x_lc_rd_eabi.lib</file>
         <name>int58.obj</name>
      </input_file>
      <input_file id="fl-4c">
         <path>/home/elder/ti/ccsv6/tools/compiler/ti-cgt-msp430_16.6.0.STS/lib/</path>
         <kind>archive</kind>
         <file>rts430x_lc_rd_eabi.lib</file>
         <name>int59.obj</name>
      </input_file>
      <input_file id="fl-4d">
         <path>/home/elder/ti/ccsv6/tools/compiler/ti-cgt-msp430_16.6.0.STS/lib/</path>
         <kind>archive</kind>
         <file>rts430x_lc_rd_eabi.lib</file>
         <name>int60.obj</name>
      </input_file>
      <input_file id="fl-4e">
         <path>/home/elder/ti/ccsv6/tools/compiler/ti-cgt-msp430_16.6.0.STS/lib/</path>
         <kind>archive</kind>
         <file>rts430x_lc_rd_eabi.lib</file>
         <name>int61.obj</name>
      </input_file>
      <input_file id="fl-4f">
         <path>/home/elder/ti/ccsv6/tools/compiler/ti-cgt-msp430_16.6.0.STS/lib/</path>
         <kind>archive</kind>
         <file>rts430x_lc_rd_eabi.lib</file>
         <name>int62.obj</name>
      </input_file>
      <input_file id="fl-50">
         <path>/home/elder/ti/ccsv6/tools/compiler/ti-cgt-msp430_16.6.0.STS/lib/</path>
         <kind>archive</kind>
         <file>rts430x_lc_rd_eabi.lib</file>
         <name>isr_trap.obj</name>
      </input_file>
      <input_file id="fl-51">
         <path>/home/elder/ti/ccsv6/tools/compiler/ti-cgt-msp430_16.6.0.STS/lib/</path>
         <kind>archive</kind>
         <file>rts430x_lc_rd_eabi.lib</file>
         <name>memcpy.obj</name>
      </input_file>
      <input_file id="fl-52">
         <path>/home/elder/ti/ccsv6/tools/compiler/ti-cgt-msp430_16.6.0.STS/lib/</path>
         <kind>archive</kind>
         <file>rts430x_lc_rd_eabi.lib</file>
         <name>memset.obj</name>
      </input_file>
      <input_file id="fl-53">
         <path>/home/elder/ti/ccsv6/tools/compiler/ti-cgt-msp430_16.6.0.STS/lib/</path>
         <kind>archive</kind>
         <file>rts430x_lc_rd_eabi.lib</file>
         <name>mpu_init.obj</name>
      </input_file>
      <input_file id="fl-54">
         <path>/home/elder/ti/ccsv6/tools/compiler/ti-cgt-msp430_16.6.0.STS/lib/</path>
         <kind>archive</kind>
         <file>rts430x_lc_rd_eabi.lib</file>
         <name>mult16.obj</name>
      </input_file>
      <input_file id="fl-55">
         <path>/home/elder/ti/ccsv6/tools/compiler/ti-cgt-msp430_16.6.0.STS/lib/</path>
         <kind>archive</kind>
         <file>rts430x_lc_rd_eabi.lib</file>
         <name>mult1632_f5hw.obj</name>
      </input_file>
      <input_file id="fl-56">
         <path>/home/elder/ti/ccsv6/tools/compiler/ti-cgt-msp430_16.6.0.STS/lib/</path>
         <kind>archive</kind>
         <file>rts430x_lc_rd_eabi.lib</file>
         <name>mult16_f5hw.obj</name>
      </input_file>
      <input_file id="fl-57">
         <path>/home/elder/ti/ccsv6/tools/compiler/ti-cgt-msp430_16.6.0.STS/lib/</path>
         <kind>archive</kind>
         <file>rts430x_lc_rd_eabi.lib</file>
         <name>mult3264_f5hw.obj</name>
      </input_file>
      <input_file id="fl-58">
         <path>/home/elder/ti/ccsv6/tools/compiler/ti-cgt-msp430_16.6.0.STS/lib/</path>
         <kind>archive</kind>
         <file>rts430x_lc_rd_eabi.lib</file>
         <name>mult32_f5hw.obj</name>
      </input_file>
      <input_file id="fl-59">
         <path>/home/elder/ti/ccsv6/tools/compiler/ti-cgt-msp430_16.6.0.STS/lib/</path>
         <kind>archive</kind>
         <file>rts430x_lc_rd_eabi.lib</file>
         <name>mult64_f5hw.obj</name>
      </input_file>
      <input_file id="fl-5a">
         <path>/home/elder/ti/ccsv6/tools/compiler/ti-cgt-msp430_16.6.0.STS/lib/</path>
         <kind>archive</kind>
         <file>rts430x_lc_rd_eabi.lib</file>
         <name>pre_init.obj</name>
      </input_file>
      <input_file id="fl-5b">
         <path>/home/elder/ti/ccsv6/tools/compiler/ti-cgt-msp430_16.6.0.STS/lib/</path>
         <kind>archive</kind>
         <file>rts430x_lc_rd_eabi.lib</file>
         <name>_lock.obj</name>
      </input_file>
      <input_file id="fl-5c">
         <path>/home/elder/ti/ccsv6/tools/compiler/ti-cgt-msp430_16.6.0.STS/lib/</path>
         <kind>archive</kind>
         <file>rts430x_lc_rd_eabi.lib</file>
         <name>args_main.obj</name>
      </input_file>
      <input_file id="fl-5d">
         <path>/home/elder/ti/ccsv6/tools/compiler/ti-cgt-msp430_16.6.0.STS/lib/</path>
         <kind>archive</kind>
         <file>rts430x_lc_rd_eabi.lib</file>
         <name>autoinit_wdt.obj</name>
      </input_file>
      <input_file id="fl-5e">
         <path>/home/elder/ti/ccsv6/tools/compiler/ti-cgt-msp430_16.6.0.STS/lib/</path>
         <kind>archive</kind>
         <file>rts430x_lc_rd_eabi.lib</file>
         <name>cpy_tbl.obj</name>
      </input_file>
      <input_file id="fl-5f">
         <path>/home/elder/ti/ccsv6/tools/compiler/ti-cgt-msp430_16.6.0.STS/lib/</path>
         <kind>archive</kind>
         <file>rts430x_lc_rd_eabi.lib</file>
         <name>startup.obj</name>
      </input_file>
   </input_file_list>
   <object_component_list>
      <object_component id="oc-546">
         <name>.bss</name>
         <uninitialized>true</uninitialized>
         <run_address>0x4cc0</run_address>
         <size>0x8</size>
         <input_file_ref idref="fl-2"/>
      </object_component>
      <object_component id="oc-609">
         <name>.bss:pxReadyTasksLists</name>
         <uninitialized>true</uninitialized>
         <run_address>0x4c00</run_address>
         <size>0x50</size>
         <input_file_ref idref="fl-7"/>
      </object_component>
      <object_component id="oc-6e3">
         <name>.bss:xDelayedTaskList1</name>
         <uninitialized>true</uninitialized>
         <run_address>0x4c70</run_address>
         <size>0x10</size>
         <input_file_ref idref="fl-7"/>
      </object_component>
      <object_component id="oc-6e6">
         <name>.bss:xDelayedTaskList2</name>
         <uninitialized>true</uninitialized>
         <run_address>0x4c80</run_address>
         <size>0x10</size>
         <input_file_ref idref="fl-7"/>
      </object_component>
      <object_component id="oc-5fa">
         <name>.bss</name>
         <uninitialized>true</uninitialized>
         <run_address>0x4cc8</run_address>
         <size>0x8</size>
         <input_file_ref idref="fl-7"/>
      </object_component>
      <object_component id="oc-6cd">
         <name>.bss:xPendingReadyList</name>
         <uninitialized>true</uninitialized>
         <run_address>0x4c90</run_address>
         <size>0x10</size>
         <input_file_ref idref="fl-7"/>
      </object_component>
      <object_component id="oc-6e9">
         <name>.bss:xTasksWaitingTermination</name>
         <uninitialized>true</uninitialized>
         <run_address>0x4cb0</run_address>
         <size>0x10</size>
         <input_file_ref idref="fl-7"/>
      </object_component>
      <object_component id="oc-6c9">
         <name>.bss:xSuspendedTaskList</name>
         <uninitialized>true</uninitialized>
         <run_address>0x4ca0</run_address>
         <size>0x10</size>
         <input_file_ref idref="fl-7"/>
      </object_component>
      <object_component id="oc-6f5">
         <name>.bss:xActiveTimerList1</name>
         <uninitialized>true</uninitialized>
         <run_address>0x4c50</run_address>
         <size>0x10</size>
         <input_file_ref idref="fl-8"/>
      </object_component>
      <object_component id="oc-6f8">
         <name>.bss:xActiveTimerList2</name>
         <uninitialized>true</uninitialized>
         <run_address>0x4c60</run_address>
         <size>0x10</size>
         <input_file_ref idref="fl-8"/>
      </object_component>
      <object_component id="oc-6fb">
         <name>.bss</name>
         <uninitialized>true</uninitialized>
         <run_address>0x4cd0</run_address>
         <size>0x8</size>
         <input_file_ref idref="fl-8"/>
      </object_component>
      <object_component id="oc-65f">
         <name>.bss:ucHeap</name>
         <uninitialized>true</uninitialized>
         <run_address>0x2400</run_address>
         <size>0x2800</size>
         <input_file_ref idref="fl-b"/>
      </object_component>
      <object_component id="oc-56e">
         <name>.data</name>
         <load_address>0x4cd8</load_address>
         <run_address>0x4cd8</run_address>
         <size>0x1e</size>
         <input_file_ref idref="fl-7"/>
      </object_component>
      <object_component id="oc-6a4">
         <name>.data</name>
         <load_address>0x4cf6</load_address>
         <run_address>0x4cf6</run_address>
         <size>0xa</size>
         <input_file_ref idref="fl-8"/>
      </object_component>
      <object_component id="oc-56b">
         <name>.data</name>
         <load_address>0x4d0a</load_address>
         <run_address>0x4d0a</run_address>
         <size>0x2</size>
         <input_file_ref idref="fl-9"/>
      </object_component>
      <object_component id="oc-65c">
         <name>.data</name>
         <load_address>0x4d00</load_address>
         <run_address>0x4d00</run_address>
         <size>0x6</size>
         <input_file_ref idref="fl-b"/>
      </object_component>
      <object_component id="oc-6be">
         <name>.data</name>
         <load_address>0x4d06</load_address>
         <run_address>0x4d06</run_address>
         <size>0x4</size>
         <input_file_ref idref="fl-c"/>
      </object_component>
      <object_component id="oc-497">
         <name>.stack</name>
         <uninitialized>true</uninitialized>
         <run_address>0x6360</run_address>
         <size>0x4</size>
         <input_file_ref idref="fl-2d"/>
      </object_component>
      <object_component id="oc-87b">
         <name>.stack</name>
         <uninitialized>true</uninitialized>
         <run_address>0x6360</run_address>
         <size>0x0</size>
      </object_component>
      <object_component id="oc-770">
         <name>.text:xQueueGenericReceive</name>
         <load_address>0x10000</load_address>
         <run_address>0x10000</run_address>
         <size>0x1c2</size>
         <input_file_ref idref="fl-6"/>
      </object_component>
      <object_component id="oc-7a6">
         <name>.text:xQueueGenericSend</name>
         <load_address>0x101c2</load_address>
         <run_address>0x101c2</run_address>
         <size>0x16e</size>
         <input_file_ref idref="fl-6"/>
      </object_component>
      <object_component id="oc-71b">
         <name>.text:prvProcessReceivedCommands</name>
         <load_address>0x10330</load_address>
         <run_address>0x10330</run_address>
         <size>0xdc</size>
         <input_file_ref idref="fl-8"/>
      </object_component>
      <object_component id="oc-5c8">
         <name>.text:prvInitialiseNewTask</name>
         <load_address>0x1040c</load_address>
         <run_address>0x1040c</run_address>
         <size>0xda</size>
         <input_file_ref idref="fl-7"/>
      </object_component>
      <object_component id="oc-571">
         <name>.text:xTaskIncrementTick</name>
         <load_address>0x104e6</load_address>
         <run_address>0x104e6</run_address>
         <size>0xcc</size>
         <input_file_ref idref="fl-7"/>
      </object_component>
      <object_component id="oc-63f">
         <name>.text:xTaskResumeAll</name>
         <load_address>0x105b2</load_address>
         <run_address>0x105b2</run_address>
         <size>0xc8</size>
         <input_file_ref idref="fl-7"/>
      </object_component>
      <object_component id="oc-577">
         <name>.text:vTaskSwitchContext</name>
         <load_address>0x1067a</load_address>
         <run_address>0x1067a</run_address>
         <size>0xc0</size>
         <input_file_ref idref="fl-7"/>
      </object_component>
      <object_component id="oc-510">
         <name>.text</name>
         <load_address>0x1073a</load_address>
         <run_address>0x1073a</run_address>
         <size>0xa6</size>
         <input_file_ref idref="fl-a"/>
      </object_component>
      <object_component id="oc-777">
         <name>.text:xQueueGenericReset</name>
         <load_address>0x107e0</load_address>
         <run_address>0x107e0</run_address>
         <size>0xa6</size>
         <input_file_ref idref="fl-6"/>
      </object_component>
      <object_component id="oc-7f6">
         <name>.text:prvCopyDataToQueue</name>
         <load_address>0x10886</load_address>
         <run_address>0x10886</run_address>
         <size>0xa2</size>
         <input_file_ref idref="fl-6"/>
      </object_component>
      <object_component id="oc-797">
         <name>.text:prvUnlockQueue</name>
         <load_address>0x10928</load_address>
         <run_address>0x10928</run_address>
         <size>0xa0</size>
         <input_file_ref idref="fl-6"/>
      </object_component>
      <object_component id="oc-5ce">
         <name>.text:prvAddNewTaskToReadyList</name>
         <load_address>0x109c8</load_address>
         <run_address>0x109c8</run_address>
         <size>0x88</size>
         <input_file_ref idref="fl-7"/>
      </object_component>
      <object_component id="oc-78b">
         <name>.text:prvSwitchTimerLists</name>
         <load_address>0x10a50</load_address>
         <run_address>0x10a50</run_address>
         <size>0x86</size>
         <input_file_ref idref="fl-8"/>
      </object_component>
      <object_component id="oc-4cb">
         <name>.text:_auto_init_hold_wdt</name>
         <load_address>0x10ad6</load_address>
         <run_address>0x10ad6</run_address>
         <size>0x82</size>
         <input_file_ref idref="fl-5d"/>
      </object_component>
      <object_component id="oc-7ac">
         <name>.text:xQueueGenericSendFromISR</name>
         <load_address>0x10b58</load_address>
         <run_address>0x10b58</run_address>
         <size>0x82</size>
         <input_file_ref idref="fl-6"/>
      </object_component>
      <object_component id="oc-7b9">
         <name>.text:vTaskPriorityInherit</name>
         <load_address>0x10bda</load_address>
         <run_address>0x10bda</run_address>
         <size>0x80</size>
         <input_file_ref idref="fl-7"/>
      </object_component>
      <object_component id="oc-54e">
         <name>.text:xTaskCreate</name>
         <load_address>0x10c5a</load_address>
         <run_address>0x10c5a</run_address>
         <size>0x80</size>
         <input_file_ref idref="fl-7"/>
      </object_component>
      <object_component id="oc-808">
         <name>.text:xTaskPriorityDisinherit</name>
         <load_address>0x10cda</load_address>
         <run_address>0x10cda</run_address>
         <size>0x80</size>
         <input_file_ref idref="fl-7"/>
      </object_component>
      <object_component id="oc-7dd">
         <name>.text:xTaskRemoveFromEventList</name>
         <load_address>0x10d5a</load_address>
         <run_address>0x10d5a</run_address>
         <size>0x7e</size>
         <input_file_ref idref="fl-7"/>
      </object_component>
      <object_component id="oc-73">
         <name>.text:decompress:lzss:__TI_decompress_lzss</name>
         <load_address>0x10dd8</load_address>
         <run_address>0x10dd8</run_address>
         <size>0x78</size>
         <input_file_ref idref="fl-2f"/>
      </object_component>
      <object_component id="oc-7cb">
         <name>.text:xTaskCheckForTimeOut</name>
         <load_address>0x10e50</load_address>
         <run_address>0x10e50</run_address>
         <size>0x78</size>
         <input_file_ref idref="fl-7"/>
      </object_component>
      <object_component id="oc-76a">
         <name>.text:xTimerGenericCommand</name>
         <load_address>0x10ec8</load_address>
         <run_address>0x10ec8</run_address>
         <size>0x76</size>
         <input_file_ref idref="fl-8"/>
      </object_component>
      <object_component id="oc-639">
         <name>.text:prvAddCurrentTaskToDelayedList</name>
         <load_address>0x10f3e</load_address>
         <run_address>0x10f3e</run_address>
         <size>0x6e</size>
         <input_file_ref idref="fl-7"/>
      </object_component>
      <object_component id="oc-715">
         <name>.text:prvProcessTimerOrBlockTask</name>
         <load_address>0x10fac</load_address>
         <run_address>0x10fac</run_address>
         <size>0x68</size>
         <input_file_ref idref="fl-8"/>
      </object_component>
      <object_component id="oc-519">
         <name>.text:copy_in</name>
         <load_address>0x11014</load_address>
         <run_address>0x11014</run_address>
         <size>0x66</size>
         <input_file_ref idref="fl-5e"/>
      </object_component>
      <object_component id="oc-691">
         <name>.text:prvCheckTasksWaitingTermination</name>
         <load_address>0x1107a</load_address>
         <run_address>0x1107a</run_address>
         <size>0x66</size>
         <input_file_ref idref="fl-7"/>
      </object_component>
      <object_component id="oc-75d">
         <name>.text:prvProcessExpiredTimer</name>
         <load_address>0x110e0</load_address>
         <run_address>0x110e0</run_address>
         <size>0x64</size>
         <input_file_ref idref="fl-8"/>
      </object_component>
      <object_component id="oc-5bc">
         <name>.text:pvPortMalloc</name>
         <load_address>0x11144</load_address>
         <run_address>0x11144</run_address>
         <size>0x64</size>
         <input_file_ref idref="fl-b"/>
      </object_component>
      <object_component id="oc-683">
         <name>.text:prvInitialiseTaskLists</name>
         <load_address>0x111a8</load_address>
         <run_address>0x111a8</run_address>
         <size>0x5a</size>
         <input_file_ref idref="fl-7"/>
      </object_component>
      <object_component id="oc-69e">
         <name>.text:prvCheckForValidListAndQueue</name>
         <load_address>0x11202</load_address>
         <run_address>0x11202</run_address>
         <size>0x58</size>
         <input_file_ref idref="fl-8"/>
      </object_component>
      <object_component id="oc-55a">
         <name>.text:vTaskStartScheduler</name>
         <load_address>0x1125a</load_address>
         <run_address>0x1125a</run_address>
         <size>0x56</size>
         <input_file_ref idref="fl-7"/>
      </object_component>
      <object_component id="oc-4e5">
         <name>.text:main</name>
         <load_address>0x112b0</load_address>
         <run_address>0x112b0</run_address>
         <size>0x52</size>
         <input_file_ref idref="fl-2"/>
      </object_component>
      <object_component id="oc-6fe">
         <name>.text:xQueueGenericCreate</name>
         <load_address>0x11302</load_address>
         <run_address>0x11302</run_address>
         <size>0x52</size>
         <input_file_ref idref="fl-6"/>
      </object_component>
      <object_component id="oc-757">
         <name>.text:vQueueWaitForMessageRestricted</name>
         <load_address>0x11354</load_address>
         <run_address>0x11354</run_address>
         <size>0x4e</size>
         <input_file_ref idref="fl-6"/>
      </object_component>
      <object_component id="oc-5ed">
         <name>.text:xTimerCreateTimerTask</name>
         <load_address>0x113a2</load_address>
         <run_address>0x113a2</run_address>
         <size>0x4e</size>
         <input_file_ref idref="fl-8"/>
      </object_component>
      <object_component id="oc-764">
         <name>.text:prvInsertTimerInActiveList</name>
         <load_address>0x113f0</load_address>
         <run_address>0x113f0</run_address>
         <size>0x4c</size>
         <input_file_ref idref="fl-8"/>
      </object_component>
      <object_component id="oc-6c3">
         <name>.text:vListInsert</name>
         <load_address>0x1143c</load_address>
         <run_address>0x1143c</run_address>
         <size>0x40</size>
         <input_file_ref idref="fl-5"/>
      </object_component>
      <object_component id="oc-603">
         <name>.text:uxListRemove</name>
         <load_address>0x1147c</load_address>
         <run_address>0x1147c</run_address>
         <size>0x3a</size>
         <input_file_ref idref="fl-5"/>
      </object_component>
      <object_component id="oc-5b4">
         <name>.text:vTaskDelay</name>
         <load_address>0x114b6</load_address>
         <run_address>0x114b6</run_address>
         <size>0x36</size>
         <input_file_ref idref="fl-7"/>
      </object_component>
      <object_component id="oc-791">
         <name>.text:vTaskPlaceOnEventListRestricted</name>
         <load_address>0x114ec</load_address>
         <run_address>0x114ec</run_address>
         <size>0x34</size>
         <input_file_ref idref="fl-7"/>
      </object_component>
      <object_component id="oc-7d1">
         <name>.text:prvCopyDataFromQueue</name>
         <load_address>0x11520</load_address>
         <run_address>0x11520</run_address>
         <size>0x32</size>
         <input_file_ref idref="fl-6"/>
      </object_component>
      <object_component id="oc-57d">
         <name>.text:vApplicationSetupTimerInterrupt</name>
         <load_address>0x11552</load_address>
         <run_address>0x11552</run_address>
         <size>0x30</size>
         <input_file_ref idref="fl-c"/>
      </object_component>
      <object_component id="oc-7f0">
         <name>.text:prvIsQueueFull</name>
         <load_address>0x11582</load_address>
         <run_address>0x11582</run_address>
         <size>0x2e</size>
         <input_file_ref idref="fl-6"/>
      </object_component>
      <object_component id="oc-7b3">
         <name>.text:prvIsQueueEmpty</name>
         <load_address>0x115b0</load_address>
         <run_address>0x115b0</run_address>
         <size>0x2c</size>
         <input_file_ref idref="fl-6"/>
      </object_component>
      <object_component id="oc-7bf">
         <name>.text:vTaskPlaceOnEventList</name>
         <load_address>0x115dc</load_address>
         <run_address>0x115dc</run_address>
         <size>0x2c</size>
         <input_file_ref idref="fl-7"/>
      </object_component>
      <object_component id="oc-70f">
         <name>.text:prvGetNextExpireTime</name>
         <load_address>0x11608</load_address>
         <run_address>0x11608</run_address>
         <size>0x28</size>
         <input_file_ref idref="fl-8"/>
      </object_component>
      <object_component id="oc-755">
         <name>.text:prvSampleTimeNow</name>
         <load_address>0x11630</load_address>
         <run_address>0x11630</run_address>
         <size>0x28</size>
         <input_file_ref idref="fl-8"/>
      </object_component>
      <object_component id="oc-6dd">
         <name>.text:vListInitialise</name>
         <load_address>0x11658</load_address>
         <run_address>0x11658</run_address>
         <size>0x28</size>
         <input_file_ref idref="fl-5"/>
      </object_component>
      <object_component id="oc-60c">
         <name>.text:vListInsertEnd</name>
         <load_address>0x11680</load_address>
         <run_address>0x11680</run_address>
         <size>0x26</size>
         <input_file_ref idref="fl-5"/>
      </object_component>
      <object_component id="oc-9b">
         <name>.text:decompress:ZI:__TI_zero_init</name>
         <load_address>0x116a6</load_address>
         <run_address>0x116a6</run_address>
         <size>0x24</size>
         <input_file_ref idref="fl-31"/>
      </object_component>
      <object_component id="oc-5fd">
         <name>.text:prvResetNextTaskUnblockTime</name>
         <load_address>0x116ca</load_address>
         <run_address>0x116ca</run_address>
         <size>0x24</size>
         <input_file_ref idref="fl-7"/>
      </object_component>
      <object_component id="oc-67c">
         <name>.text:pxPortInitialiseStack</name>
         <load_address>0x116ee</load_address>
         <run_address>0x116ee</run_address>
         <size>0x24</size>
         <input_file_ref idref="fl-9"/>
      </object_component>
      <object_component id="oc-785">
         <name>.text:xTaskGetTickCount</name>
         <load_address>0x11712</load_address>
         <run_address>0x11712</run_address>
         <size>0x24</size>
         <input_file_ref idref="fl-7"/>
      </object_component>
      <object_component id="oc-547">
         <name>.text:prvLed1Task</name>
         <load_address>0x11736</load_address>
         <run_address>0x11736</run_address>
         <size>0x22</size>
         <input_file_ref idref="fl-c"/>
      </object_component>
      <object_component id="oc-745">
         <name>.text:prvInitialiseNewQueue</name>
         <load_address>0x11758</load_address>
         <run_address>0x11758</run_address>
         <size>0x20</size>
         <input_file_ref idref="fl-6"/>
      </object_component>
      <object_component id="oc-7d7">
         <name>.text:pvTaskIncrementMutexHeldCount</name>
         <load_address>0x11778</load_address>
         <run_address>0x11778</run_address>
         <size>0x1c</size>
         <input_file_ref idref="fl-7"/>
      </object_component>
      <object_component id="oc-7c5">
         <name>.text:vTaskSetTimeOutState</name>
         <load_address>0x11794</load_address>
         <run_address>0x11794</run_address>
         <size>0x1c</size>
         <input_file_ref idref="fl-7"/>
      </object_component>
      <object_component id="oc-540">
         <name>.text:prvSetupHardware</name>
         <load_address>0x117b0</load_address>
         <run_address>0x117b0</run_address>
         <size>0x18</size>
         <input_file_ref idref="fl-c"/>
      </object_component>
      <object_component id="oc-584">
         <name>.text</name>
         <load_address>0x117c8</load_address>
         <run_address>0x117c8</run_address>
         <size>0x18</size>
         <input_file_ref idref="fl-56"/>
      </object_component>
      <object_component id="oc-7a0">
         <name>.text:xTaskGetSchedulerState</name>
         <load_address>0x117e0</load_address>
         <run_address>0x117e0</run_address>
         <size>0x18</size>
         <input_file_ref idref="fl-7"/>
      </object_component>
      <object_component id="oc-670">
         <name>.text:memset</name>
         <load_address>0x117f8</load_address>
         <run_address>0x117f8</run_address>
         <size>0x16</size>
         <input_file_ref idref="fl-52"/>
      </object_component>
      <object_component id="oc-6ed">
         <name>.text:prvDeleteTCB</name>
         <load_address>0x1180e</load_address>
         <run_address>0x1180e</run_address>
         <size>0x16</size>
         <input_file_ref idref="fl-7"/>
      </object_component>
      <object_component id="oc-6aa">
         <name>.text:prvTimerTask</name>
         <load_address>0x11824</load_address>
         <run_address>0x11824</run_address>
         <size>0x16</size>
         <input_file_ref idref="fl-8"/>
      </object_component>
      <object_component id="oc-620">
         <name>.text</name>
         <load_address>0x1183a</load_address>
         <run_address>0x1183a</run_address>
         <size>0x16</size>
         <input_file_ref idref="fl-32"/>
      </object_component>
      <object_component id="oc-4a6">
         <name>.text:memcpy</name>
         <load_address>0x11850</load_address>
         <run_address>0x11850</run_address>
         <size>0x14</size>
         <input_file_ref idref="fl-51"/>
      </object_component>
      <object_component id="oc-79">
         <name>.text:decompress:none:__TI_decompress_none</name>
         <load_address>0x11864</load_address>
         <run_address>0x11864</run_address>
         <size>0x12</size>
         <input_file_ref idref="fl-30"/>
      </object_component>
      <object_component id="oc-5e6">
         <name>.text:prvIdleTask</name>
         <load_address>0x11876</load_address>
         <run_address>0x11876</run_address>
         <size>0x10</size>
         <input_file_ref idref="fl-7"/>
      </object_component>
      <object_component id="oc-554">
         <name>.text:prvLed2Task</name>
         <load_address>0x11886</load_address>
         <run_address>0x11886</run_address>
         <size>0x10</size>
         <input_file_ref idref="fl-c"/>
      </object_component>
      <object_component id="oc-5c2">
         <name>.text:vPortFree</name>
         <load_address>0x11896</load_address>
         <run_address>0x11896</run_address>
         <size>0xe</size>
         <input_file_ref idref="fl-b"/>
      </object_component>
      <object_component id="oc-697">
         <name>.text:vApplicationIdleHook</name>
         <load_address>0x118a4</load_address>
         <run_address>0x118a4</run_address>
         <size>0xa</size>
         <input_file_ref idref="fl-c"/>
      </object_component>
      <object_component id="oc-662">
         <name>.text:vApplicationMallocFailedHook</name>
         <load_address>0x118ae</load_address>
         <run_address>0x118ae</run_address>
         <size>0xa</size>
         <input_file_ref idref="fl-c"/>
      </object_component>
      <object_component id="oc-619">
         <name>.text:vApplicationStackOverflowHook</name>
         <load_address>0x118b8</load_address>
         <run_address>0x118b8</run_address>
         <size>0xa</size>
         <input_file_ref idref="fl-c"/>
      </object_component>
      <object_component id="oc-612">
         <name>.text:vApplicationTickHook</name>
         <load_address>0x118c2</load_address>
         <run_address>0x118c2</run_address>
         <size>0xa</size>
         <input_file_ref idref="fl-c"/>
      </object_component>
      <object_component id="oc-676">
         <name>.text:vListInitialiseItem</name>
         <load_address>0x118cc</load_address>
         <run_address>0x118cc</run_address>
         <size>0x8</size>
         <input_file_ref idref="fl-5"/>
      </object_component>
      <object_component id="oc-4ed">
         <name>.text:abort</name>
         <load_address>0x118d4</load_address>
         <run_address>0x118d4</run_address>
         <size>0x6</size>
         <input_file_ref idref="fl-33"/>
      </object_component>
      <object_component id="oc-7e8">
         <name>.text:vTaskMissedYield</name>
         <load_address>0x118da</load_address>
         <run_address>0x118da</run_address>
         <size>0x6</size>
         <input_file_ref idref="fl-7"/>
      </object_component>
      <object_component id="oc-633">
         <name>.text:vTaskSuspendAll</name>
         <load_address>0x118e0</load_address>
         <run_address>0x118e0</run_address>
         <size>0x6</size>
         <input_file_ref idref="fl-7"/>
      </object_component>
      <object_component id="oc-4c5">
         <name>.text:_system_pre_init</name>
         <load_address>0x118e6</load_address>
         <run_address>0x118e6</run_address>
         <size>0x4</size>
         <input_file_ref idref="fl-5a"/>
      </object_component>
      <object_component id="oc-51f">
         <name>.text:_system_post_cinit</name>
         <load_address>0x118ea</load_address>
         <run_address>0x118ea</run_address>
         <size>0x2</size>
         <input_file_ref idref="fl-5f"/>
      </object_component>
      <object_component id="oc-b9">
         <name>.text:_isr:_c_int00_noargs_noexit</name>
         <load_address>0x8000</load_address>
         <run_address>0x8000</run_address>
         <size>0x1a</size>
         <input_file_ref idref="fl-2e"/>
      </object_component>
      <object_component id="oc-4b8">
         <name>.text:_isr:vTickISREntry</name>
         <load_address>0x801a</load_address>
         <run_address>0x801a</run_address>
         <size>0x10</size>
         <input_file_ref idref="fl-9"/>
      </object_component>
      <object_component id="oc-4b3">
         <name>.text:_isr:__TI_ISR_TRAP</name>
         <load_address>0x802a</load_address>
         <run_address>0x802a</run_address>
         <size>0x8</size>
         <input_file_ref idref="fl-50"/>
      </object_component>
      <object_component id="oc-877">
         <name>__TI_handler_table</name>
         <load_address>0x8054</load_address>
         <run_address>0x8054</run_address>
         <size>0xc</size>
      </object_component>
      <object_component id="oc-87a">
         <name>.cinit..data.load</name>
         <load_address>0x8060</load_address>
         <run_address>0x8060</run_address>
         <size>0xa</size>
      </object_component>
      <object_component id="oc-879">
         <name>.cinit..bss.load</name>
         <load_address>0x806a</load_address>
         <run_address>0x806a</run_address>
         <size>0x6</size>
      </object_component>
      <object_component id="oc-878">
         <name>__TI_cinit_table</name>
         <load_address>0x8070</load_address>
         <run_address>0x8070</run_address>
         <size>0x10</size>
      </object_component>
      <object_component id="oc-54d">
         <name>.const:.string</name>
         <load_address>0x8032</load_address>
         <run_address>0x8032</run_address>
         <size>0x14</size>
         <input_file_ref idref="fl-2"/>
      </object_component>
      <object_component id="oc-6b0">
         <name>.const:.string</name>
         <load_address>0x8046</load_address>
         <run_address>0x8046</run_address>
         <size>0x8</size>
         <input_file_ref idref="fl-8"/>
      </object_component>
      <object_component id="oc-5ec">
         <name>.const:.string</name>
         <load_address>0x804e</load_address>
         <run_address>0x804e</run_address>
         <size>0x6</size>
         <input_file_ref idref="fl-7"/>
      </object_component>
      <object_component id="oc-811">
         <name>.binit</name>
         <load_address>0x8000</load_address>
         <run_address>0x8000</run_address>
         <size>0x0</size>
      </object_component>
      <object_component id="oc-7f">
         <name>.int35</name>
         <load_address>0xffc6</load_address>
         <run_address>0xffc6</run_address>
         <size>0x2</size>
         <input_file_ref idref="fl-35"/>
      </object_component>
      <object_component id="oc-80">
         <name>.int36</name>
         <load_address>0xffc8</load_address>
         <run_address>0xffc8</run_address>
         <size>0x2</size>
         <input_file_ref idref="fl-36"/>
      </object_component>
      <object_component id="oc-81">
         <name>.int37</name>
         <load_address>0xffca</load_address>
         <run_address>0xffca</run_address>
         <size>0x2</size>
         <input_file_ref idref="fl-37"/>
      </object_component>
      <object_component id="oc-82">
         <name>.int38</name>
         <load_address>0xffcc</load_address>
         <run_address>0xffcc</run_address>
         <size>0x2</size>
         <input_file_ref idref="fl-38"/>
      </object_component>
      <object_component id="oc-83">
         <name>.int39</name>
         <load_address>0xffce</load_address>
         <run_address>0xffce</run_address>
         <size>0x2</size>
         <input_file_ref idref="fl-39"/>
      </object_component>
      <object_component id="oc-84">
         <name>.int40</name>
         <load_address>0xffd0</load_address>
         <run_address>0xffd0</run_address>
         <size>0x2</size>
         <input_file_ref idref="fl-3a"/>
      </object_component>
      <object_component id="oc-85">
         <name>.int41</name>
         <load_address>0xffd2</load_address>
         <run_address>0xffd2</run_address>
         <size>0x2</size>
         <input_file_ref idref="fl-3b"/>
      </object_component>
      <object_component id="oc-86">
         <name>.int42</name>
         <load_address>0xffd4</load_address>
         <run_address>0xffd4</run_address>
         <size>0x2</size>
         <input_file_ref idref="fl-3c"/>
      </object_component>
      <object_component id="oc-87">
         <name>.int43</name>
         <load_address>0xffd6</load_address>
         <run_address>0xffd6</run_address>
         <size>0x2</size>
         <input_file_ref idref="fl-3d"/>
      </object_component>
      <object_component id="oc-88">
         <name>.int44</name>
         <load_address>0xffd8</load_address>
         <run_address>0xffd8</run_address>
         <size>0x2</size>
         <input_file_ref idref="fl-3e"/>
      </object_component>
      <object_component id="oc-89">
         <name>.int45</name>
         <load_address>0xffda</load_address>
         <run_address>0xffda</run_address>
         <size>0x2</size>
         <input_file_ref idref="fl-3f"/>
      </object_component>
      <object_component id="oc-8a">
         <name>.int46</name>
         <load_address>0xffdc</load_address>
         <run_address>0xffdc</run_address>
         <size>0x2</size>
         <input_file_ref idref="fl-40"/>
      </object_component>
      <object_component id="oc-8b">
         <name>.int47</name>
         <load_address>0xffde</load_address>
         <run_address>0xffde</run_address>
         <size>0x2</size>
         <input_file_ref idref="fl-41"/>
      </object_component>
      <object_component id="oc-8c">
         <name>.int48</name>
         <load_address>0xffe0</load_address>
         <run_address>0xffe0</run_address>
         <size>0x2</size>
         <input_file_ref idref="fl-42"/>
      </object_component>
      <object_component id="oc-8d">
         <name>.int49</name>
         <load_address>0xffe2</load_address>
         <run_address>0xffe2</run_address>
         <size>0x2</size>
         <input_file_ref idref="fl-43"/>
      </object_component>
      <object_component id="oc-8e">
         <name>.int50</name>
         <load_address>0xffe4</load_address>
         <run_address>0xffe4</run_address>
         <size>0x2</size>
         <input_file_ref idref="fl-44"/>
      </object_component>
      <object_component id="oc-8f">
         <name>.int51</name>
         <load_address>0xffe6</load_address>
         <run_address>0xffe6</run_address>
         <size>0x2</size>
         <input_file_ref idref="fl-45"/>
      </object_component>
      <object_component id="oc-90">
         <name>.int52</name>
         <load_address>0xffe8</load_address>
         <run_address>0xffe8</run_address>
         <size>0x2</size>
         <input_file_ref idref="fl-46"/>
      </object_component>
      <object_component id="oc-91">
         <name>.int53</name>
         <load_address>0xffea</load_address>
         <run_address>0xffea</run_address>
         <size>0x2</size>
         <input_file_ref idref="fl-9"/>
      </object_component>
      <object_component id="oc-92">
         <name>.int54</name>
         <load_address>0xffec</load_address>
         <run_address>0xffec</run_address>
         <size>0x2</size>
         <input_file_ref idref="fl-47"/>
      </object_component>
      <object_component id="oc-93">
         <name>.int55</name>
         <load_address>0xffee</load_address>
         <run_address>0xffee</run_address>
         <size>0x2</size>
         <input_file_ref idref="fl-48"/>
      </object_component>
      <object_component id="oc-94">
         <name>.int56</name>
         <load_address>0xfff0</load_address>
         <run_address>0xfff0</run_address>
         <size>0x2</size>
         <input_file_ref idref="fl-49"/>
      </object_component>
      <object_component id="oc-95">
         <name>.int57</name>
         <load_address>0xfff2</load_address>
         <run_address>0xfff2</run_address>
         <size>0x2</size>
         <input_file_ref idref="fl-4a"/>
      </object_component>
      <object_component id="oc-96">
         <name>.int58</name>
         <load_address>0xfff4</load_address>
         <run_address>0xfff4</run_address>
         <size>0x2</size>
         <input_file_ref idref="fl-4b"/>
      </object_component>
      <object_component id="oc-97">
         <name>.int59</name>
         <load_address>0xfff6</load_address>
         <run_address>0xfff6</run_address>
         <size>0x2</size>
         <input_file_ref idref="fl-4c"/>
      </object_component>
      <object_component id="oc-98">
         <name>.int60</name>
         <load_address>0xfff8</load_address>
         <run_address>0xfff8</run_address>
         <size>0x2</size>
         <input_file_ref idref="fl-4d"/>
      </object_component>
      <object_component id="oc-99">
         <name>.int61</name>
         <load_address>0xfffa</load_address>
         <run_address>0xfffa</run_address>
         <size>0x2</size>
         <input_file_ref idref="fl-4e"/>
      </object_component>
      <object_component id="oc-9a">
         <name>.int62</name>
         <load_address>0xfffc</load_address>
         <run_address>0xfffc</run_address>
         <size>0x2</size>
         <input_file_ref idref="fl-4f"/>
      </object_component>
      <object_component id="oc-49a">
         <name>.reset</name>
         <load_address>0xfffe</load_address>
         <run_address>0xfffe</run_address>
         <size>0x2</size>
         <input_file_ref idref="fl-2d"/>
      </object_component>
      <object_component id="oc-5f4">
         <name>.debug_info</name>
         <load_address>0x0</load_address>
         <run_address>0x0</run_address>
         <size>0x43a</size>
         <input_file_ref idref="fl-2"/>
      </object_component>
      <object_component id="oc-4e6">
         <name>.debug_info</name>
         <load_address>0x43a</load_address>
         <run_address>0x43a</run_address>
         <size>0x181</size>
         <input_file_ref idref="fl-2"/>
      </object_component>
      <object_component id="oc-561">
         <name>.debug_info</name>
         <load_address>0x5bb</load_address>
         <run_address>0x5bb</run_address>
         <size>0x30c</size>
         <input_file_ref idref="fl-2"/>
      </object_component>
      <object_component id="oc-657">
         <name>.debug_info</name>
         <load_address>0x8c7</load_address>
         <run_address>0x8c7</run_address>
         <size>0x364</size>
         <input_file_ref idref="fl-2"/>
      </object_component>
      <object_component id="oc-4a1">
         <name>.debug_info</name>
         <load_address>0xc2b</load_address>
         <run_address>0xc2b</run_address>
         <size>0x84</size>
         <input_file_ref idref="fl-2"/>
      </object_component>
      <object_component id="oc-64d">
         <name>.debug_info</name>
         <load_address>0xcaf</load_address>
         <run_address>0xcaf</run_address>
         <size>0x46</size>
         <input_file_ref idref="fl-2"/>
      </object_component>
      <object_component id="oc-648">
         <name>.debug_info</name>
         <load_address>0xcf5</load_address>
         <run_address>0xcf5</run_address>
         <size>0x9c</size>
         <input_file_ref idref="fl-2"/>
      </object_component>
      <object_component id="oc-5da">
         <name>.debug_info</name>
         <load_address>0xd91</load_address>
         <run_address>0xd91</run_address>
         <size>0x2c</size>
         <input_file_ref idref="fl-2"/>
      </object_component>
      <object_component id="oc-5e0">
         <name>.debug_info</name>
         <load_address>0xdbd</load_address>
         <run_address>0xdbd</run_address>
         <size>0x18b</size>
         <input_file_ref idref="fl-2"/>
      </object_component>
      <object_component id="oc-5d5">
         <name>.debug_info</name>
         <load_address>0xf48</load_address>
         <run_address>0xf48</run_address>
         <size>0x53</size>
         <input_file_ref idref="fl-2"/>
      </object_component>
      <object_component id="oc-652">
         <name>.debug_info</name>
         <load_address>0xf9b</load_address>
         <run_address>0xf9b</run_address>
         <size>0x14c</size>
         <input_file_ref idref="fl-2"/>
      </object_component>
      <object_component id="oc-6d8">
         <name>.debug_info</name>
         <load_address>0x10e7</load_address>
         <run_address>0x10e7</run_address>
         <size>0x671</size>
         <input_file_ref idref="fl-4"/>
      </object_component>
      <object_component id="oc-66a">
         <name>.debug_info</name>
         <load_address>0x1758</load_address>
         <run_address>0x1758</run_address>
         <size>0x110</size>
         <input_file_ref idref="fl-4"/>
      </object_component>
      <object_component id="oc-72b">
         <name>.debug_info</name>
         <load_address>0x1868</load_address>
         <run_address>0x1868</run_address>
         <size>0x39</size>
         <input_file_ref idref="fl-4"/>
      </object_component>
      <object_component id="oc-730">
         <name>.debug_info</name>
         <load_address>0x18a1</load_address>
         <run_address>0x18a1</run_address>
         <size>0x62</size>
         <input_file_ref idref="fl-4"/>
      </object_component>
      <object_component id="oc-6ba">
         <name>.debug_info</name>
         <load_address>0x1903</load_address>
         <run_address>0x1903</run_address>
         <size>0x2f7</size>
         <input_file_ref idref="fl-5"/>
      </object_component>
      <object_component id="oc-6de">
         <name>.debug_info</name>
         <load_address>0x1bfa</load_address>
         <run_address>0x1bfa</run_address>
         <size>0x159</size>
         <input_file_ref idref="fl-5"/>
      </object_component>
      <object_component id="oc-677">
         <name>.debug_info</name>
         <load_address>0x1d53</load_address>
         <run_address>0x1d53</run_address>
         <size>0x161</size>
         <input_file_ref idref="fl-5"/>
      </object_component>
      <object_component id="oc-60d">
         <name>.debug_info</name>
         <load_address>0x1eb4</load_address>
         <run_address>0x1eb4</run_address>
         <size>0x1b4</size>
         <input_file_ref idref="fl-5"/>
      </object_component>
      <object_component id="oc-6c4">
         <name>.debug_info</name>
         <load_address>0x2068</load_address>
         <run_address>0x2068</run_address>
         <size>0x1df</size>
         <input_file_ref idref="fl-5"/>
      </object_component>
      <object_component id="oc-604">
         <name>.debug_info</name>
         <load_address>0x2247</load_address>
         <run_address>0x2247</run_address>
         <size>0x18c</size>
         <input_file_ref idref="fl-5"/>
      </object_component>
      <object_component id="oc-74c">
         <name>.debug_info</name>
         <load_address>0x23d3</load_address>
         <run_address>0x23d3</run_address>
         <size>0x8a3</size>
         <input_file_ref idref="fl-6"/>
      </object_component>
      <object_component id="oc-778">
         <name>.debug_info</name>
         <load_address>0x2c76</load_address>
         <run_address>0x2c76</run_address>
         <size>0x229</size>
         <input_file_ref idref="fl-6"/>
      </object_component>
      <object_component id="oc-6ff">
         <name>.debug_info</name>
         <load_address>0x2e9f</load_address>
         <run_address>0x2e9f</run_address>
         <size>0x28a</size>
         <input_file_ref idref="fl-6"/>
      </object_component>
      <object_component id="oc-746">
         <name>.debug_info</name>
         <load_address>0x3129</load_address>
         <run_address>0x3129</run_address>
         <size>0x25a</size>
         <input_file_ref idref="fl-6"/>
      </object_component>
      <object_component id="oc-7a7">
         <name>.debug_info</name>
         <load_address>0x3383</load_address>
         <run_address>0x3383</run_address>
         <size>0x3eb</size>
         <input_file_ref idref="fl-6"/>
      </object_component>
      <object_component id="oc-7ad">
         <name>.debug_info</name>
         <load_address>0x376e</load_address>
         <run_address>0x376e</run_address>
         <size>0x2f4</size>
         <input_file_ref idref="fl-6"/>
      </object_component>
      <object_component id="oc-771">
         <name>.debug_info</name>
         <load_address>0x3a62</load_address>
         <run_address>0x3a62</run_address>
         <size>0x4b0</size>
         <input_file_ref idref="fl-6"/>
      </object_component>
      <object_component id="oc-7f7">
         <name>.debug_info</name>
         <load_address>0x3f12</load_address>
         <run_address>0x3f12</run_address>
         <size>0x23f</size>
         <input_file_ref idref="fl-6"/>
      </object_component>
      <object_component id="oc-7d2">
         <name>.debug_info</name>
         <load_address>0x4151</load_address>
         <run_address>0x4151</run_address>
         <size>0x1ab</size>
         <input_file_ref idref="fl-6"/>
      </object_component>
      <object_component id="oc-798">
         <name>.debug_info</name>
         <load_address>0x42fc</load_address>
         <run_address>0x42fc</run_address>
         <size>0x1fa</size>
         <input_file_ref idref="fl-6"/>
      </object_component>
      <object_component id="oc-7b4">
         <name>.debug_info</name>
         <load_address>0x44f6</load_address>
         <run_address>0x44f6</run_address>
         <size>0x17d</size>
         <input_file_ref idref="fl-6"/>
      </object_component>
      <object_component id="oc-7f1">
         <name>.debug_info</name>
         <load_address>0x4673</load_address>
         <run_address>0x4673</run_address>
         <size>0x17b</size>
         <input_file_ref idref="fl-6"/>
      </object_component>
      <object_component id="oc-758">
         <name>.debug_info</name>
         <load_address>0x47ee</load_address>
         <run_address>0x47ee</run_address>
         <size>0x21b</size>
         <input_file_ref idref="fl-6"/>
      </object_component>
      <object_component id="oc-780">
         <name>.debug_info</name>
         <load_address>0x4a09</load_address>
         <run_address>0x4a09</run_address>
         <size>0x155</size>
         <input_file_ref idref="fl-6"/>
      </object_component>
      <object_component id="oc-707">
         <name>.debug_info</name>
         <load_address>0x4b5e</load_address>
         <run_address>0x4b5e</run_address>
         <size>0x46</size>
         <input_file_ref idref="fl-6"/>
      </object_component>
      <object_component id="oc-5df">
         <name>.debug_info</name>
         <load_address>0x4ba4</load_address>
         <run_address>0x4ba4</run_address>
         <size>0x88c</size>
         <input_file_ref idref="fl-7"/>
      </object_component>
      <object_component id="oc-56f">
         <name>.debug_info</name>
         <load_address>0x5430</load_address>
         <run_address>0x5430</run_address>
         <size>0x345</size>
         <input_file_ref idref="fl-7"/>
      </object_component>
      <object_component id="oc-60a">
         <name>.debug_info</name>
         <load_address>0x5775</load_address>
         <run_address>0x5775</run_address>
         <size>0xec</size>
         <input_file_ref idref="fl-7"/>
      </object_component>
      <object_component id="oc-6e4">
         <name>.debug_info</name>
         <load_address>0x5861</load_address>
         <run_address>0x5861</run_address>
         <size>0xec</size>
         <input_file_ref idref="fl-7"/>
      </object_component>
      <object_component id="oc-6e7">
         <name>.debug_info</name>
         <load_address>0x594d</load_address>
         <run_address>0x594d</run_address>
         <size>0xec</size>
         <input_file_ref idref="fl-7"/>
      </object_component>
      <object_component id="oc-5fb">
         <name>.debug_info</name>
         <load_address>0x5a39</load_address>
         <run_address>0x5a39</run_address>
         <size>0x12f</size>
         <input_file_ref idref="fl-7"/>
      </object_component>
      <object_component id="oc-6ce">
         <name>.debug_info</name>
         <load_address>0x5b68</load_address>
         <run_address>0x5b68</run_address>
         <size>0xec</size>
         <input_file_ref idref="fl-7"/>
      </object_component>
      <object_component id="oc-6ea">
         <name>.debug_info</name>
         <load_address>0x5c54</load_address>
         <run_address>0x5c54</run_address>
         <size>0xfa</size>
         <input_file_ref idref="fl-7"/>
      </object_component>
      <object_component id="oc-6ca">
         <name>.debug_info</name>
         <load_address>0x5d4e</load_address>
         <run_address>0x5d4e</run_address>
         <size>0xee</size>
         <input_file_ref idref="fl-7"/>
      </object_component>
      <object_component id="oc-54f">
         <name>.debug_info</name>
         <load_address>0x5e3c</load_address>
         <run_address>0x5e3c</run_address>
         <size>0x353</size>
         <input_file_ref idref="fl-7"/>
      </object_component>
      <object_component id="oc-5c9">
         <name>.debug_info</name>
         <load_address>0x618f</load_address>
         <run_address>0x618f</run_address>
         <size>0x389</size>
         <input_file_ref idref="fl-7"/>
      </object_component>
      <object_component id="oc-5cf">
         <name>.debug_info</name>
         <load_address>0x6518</load_address>
         <run_address>0x6518</run_address>
         <size>0x1aa</size>
         <input_file_ref idref="fl-7"/>
      </object_component>
      <object_component id="oc-5b5">
         <name>.debug_info</name>
         <load_address>0x66c2</load_address>
         <run_address>0x66c2</run_address>
         <size>0x1f9</size>
         <input_file_ref idref="fl-7"/>
      </object_component>
      <object_component id="oc-55b">
         <name>.debug_info</name>
         <load_address>0x68bb</load_address>
         <run_address>0x68bb</run_address>
         <size>0x19c</size>
         <input_file_ref idref="fl-7"/>
      </object_component>
      <object_component id="oc-634">
         <name>.debug_info</name>
         <load_address>0x6a57</load_address>
         <run_address>0x6a57</run_address>
         <size>0x135</size>
         <input_file_ref idref="fl-7"/>
      </object_component>
      <object_component id="oc-640">
         <name>.debug_info</name>
         <load_address>0x6b8c</load_address>
         <run_address>0x6b8c</run_address>
         <size>0x20c</size>
         <input_file_ref idref="fl-7"/>
      </object_component>
      <object_component id="oc-786">
         <name>.debug_info</name>
         <load_address>0x6d98</load_address>
         <run_address>0x6d98</run_address>
         <size>0x152</size>
         <input_file_ref idref="fl-7"/>
      </object_component>
      <object_component id="oc-572">
         <name>.debug_info</name>
         <load_address>0x6eea</load_address>
         <run_address>0x6eea</run_address>
         <size>0x265</size>
         <input_file_ref idref="fl-7"/>
      </object_component>
      <object_component id="oc-578">
         <name>.debug_info</name>
         <load_address>0x714f</load_address>
         <run_address>0x714f</run_address>
         <size>0x1e0</size>
         <input_file_ref idref="fl-7"/>
      </object_component>
      <object_component id="oc-7c0">
         <name>.debug_info</name>
         <load_address>0x732f</load_address>
         <run_address>0x732f</run_address>
         <size>0x1f8</size>
         <input_file_ref idref="fl-7"/>
      </object_component>
      <object_component id="oc-792">
         <name>.debug_info</name>
         <load_address>0x7527</load_address>
         <run_address>0x7527</run_address>
         <size>0x265</size>
         <input_file_ref idref="fl-7"/>
      </object_component>
      <object_component id="oc-7de">
         <name>.debug_info</name>
         <load_address>0x778c</load_address>
         <run_address>0x778c</run_address>
         <size>0x215</size>
         <input_file_ref idref="fl-7"/>
      </object_component>
      <object_component id="oc-7c6">
         <name>.debug_info</name>
         <load_address>0x79a1</load_address>
         <run_address>0x79a1</run_address>
         <size>0x175</size>
         <input_file_ref idref="fl-7"/>
      </object_component>
      <object_component id="oc-7cc">
         <name>.debug_info</name>
         <load_address>0x7b16</load_address>
         <run_address>0x7b16</run_address>
         <size>0x218</size>
         <input_file_ref idref="fl-7"/>
      </object_component>
      <object_component id="oc-7e9">
         <name>.debug_info</name>
         <load_address>0x7d2e</load_address>
         <run_address>0x7d2e</run_address>
         <size>0x137</size>
         <input_file_ref idref="fl-7"/>
      </object_component>
      <object_component id="oc-5e7">
         <name>.debug_info</name>
         <load_address>0x7e65</load_address>
         <run_address>0x7e65</run_address>
         <size>0x199</size>
         <input_file_ref idref="fl-7"/>
      </object_component>
      <object_component id="oc-684">
         <name>.debug_info</name>
         <load_address>0x7ffe</load_address>
         <run_address>0x7ffe</run_address>
         <size>0x1e3</size>
         <input_file_ref idref="fl-7"/>
      </object_component>
      <object_component id="oc-692">
         <name>.debug_info</name>
         <load_address>0x81e1</load_address>
         <run_address>0x81e1</run_address>
         <size>0x1d9</size>
         <input_file_ref idref="fl-7"/>
      </object_component>
      <object_component id="oc-6ee">
         <name>.debug_info</name>
         <load_address>0x83ba</load_address>
         <run_address>0x83ba</run_address>
         <size>0x174</size>
         <input_file_ref idref="fl-7"/>
      </object_component>
      <object_component id="oc-5fe">
         <name>.debug_info</name>
         <load_address>0x852e</load_address>
         <run_address>0x852e</run_address>
         <size>0x15f</size>
         <input_file_ref idref="fl-7"/>
      </object_component>
      <object_component id="oc-7a1">
         <name>.debug_info</name>
         <load_address>0x868d</load_address>
         <run_address>0x868d</run_address>
         <size>0x15e</size>
         <input_file_ref idref="fl-7"/>
      </object_component>
      <object_component id="oc-7ba">
         <name>.debug_info</name>
         <load_address>0x87eb</load_address>
         <run_address>0x87eb</run_address>
         <size>0x1c0</size>
         <input_file_ref idref="fl-7"/>
      </object_component>
      <object_component id="oc-809">
         <name>.debug_info</name>
         <load_address>0x89ab</load_address>
         <run_address>0x89ab</run_address>
         <size>0x1e1</size>
         <input_file_ref idref="fl-7"/>
      </object_component>
      <object_component id="oc-7d8">
         <name>.debug_info</name>
         <load_address>0x8b8c</load_address>
         <run_address>0x8b8c</run_address>
         <size>0x155</size>
         <input_file_ref idref="fl-7"/>
      </object_component>
      <object_component id="oc-63a">
         <name>.debug_info</name>
         <load_address>0x8ce1</load_address>
         <run_address>0x8ce1</run_address>
         <size>0x28c</size>
         <input_file_ref idref="fl-7"/>
      </object_component>
      <object_component id="oc-68c">
         <name>.debug_info</name>
         <load_address>0x8f6d</load_address>
         <run_address>0x8f6d</run_address>
         <size>0x11c</size>
         <input_file_ref idref="fl-7"/>
      </object_component>
      <object_component id="oc-70e">
         <name>.debug_info</name>
         <load_address>0x9089</load_address>
         <run_address>0x9089</run_address>
         <size>0x852</size>
         <input_file_ref idref="fl-8"/>
      </object_component>
      <object_component id="oc-6f6">
         <name>.debug_info</name>
         <load_address>0x98db</load_address>
         <run_address>0x98db</run_address>
         <size>0xec</size>
         <input_file_ref idref="fl-8"/>
      </object_component>
      <object_component id="oc-6f9">
         <name>.debug_info</name>
         <load_address>0x99c7</load_address>
         <run_address>0x99c7</run_address>
         <size>0xec</size>
         <input_file_ref idref="fl-8"/>
      </object_component>
      <object_component id="oc-6fc">
         <name>.debug_info</name>
         <load_address>0x9ab3</load_address>
         <run_address>0x9ab3</run_address>
         <size>0x124</size>
         <input_file_ref idref="fl-8"/>
      </object_component>
      <object_component id="oc-6a5">
         <name>.debug_info</name>
         <load_address>0x9bd7</load_address>
         <run_address>0x9bd7</run_address>
         <size>0x110</size>
         <input_file_ref idref="fl-8"/>
      </object_component>
      <object_component id="oc-5ee">
         <name>.debug_info</name>
         <load_address>0x9ce7</load_address>
         <run_address>0x9ce7</run_address>
         <size>0x194</size>
         <input_file_ref idref="fl-8"/>
      </object_component>
      <object_component id="oc-76b">
         <name>.debug_info</name>
         <load_address>0x9e7b</load_address>
         <run_address>0x9e7b</run_address>
         <size>0x34a</size>
         <input_file_ref idref="fl-8"/>
      </object_component>
      <object_component id="oc-75e">
         <name>.debug_info</name>
         <load_address>0xa1c5</load_address>
         <run_address>0xa1c5</run_address>
         <size>0x232</size>
         <input_file_ref idref="fl-8"/>
      </object_component>
      <object_component id="oc-6ab">
         <name>.debug_info</name>
         <load_address>0xa3f7</load_address>
         <run_address>0xa3f7</run_address>
         <size>0x1cd</size>
         <input_file_ref idref="fl-8"/>
      </object_component>
      <object_component id="oc-716">
         <name>.debug_info</name>
         <load_address>0xa5c4</load_address>
         <run_address>0xa5c4</run_address>
         <size>0x2f1</size>
         <input_file_ref idref="fl-8"/>
      </object_component>
      <object_component id="oc-710">
         <name>.debug_info</name>
         <load_address>0xa8b5</load_address>
         <run_address>0xa8b5</run_address>
         <size>0x1b6</size>
         <input_file_ref idref="fl-8"/>
      </object_component>
      <object_component id="oc-6a7">
         <name>.debug_info</name>
         <load_address>0xaa6b</load_address>
         <run_address>0xaa6b</run_address>
         <size>0x21b</size>
         <input_file_ref idref="fl-8"/>
      </object_component>
      <object_component id="oc-765">
         <name>.debug_info</name>
         <load_address>0xac86</load_address>
         <run_address>0xac86</run_address>
         <size>0x28e</size>
         <input_file_ref idref="fl-8"/>
      </object_component>
      <object_component id="oc-71c">
         <name>.debug_info</name>
         <load_address>0xaf14</load_address>
         <run_address>0xaf14</run_address>
         <size>0x288</size>
         <input_file_ref idref="fl-8"/>
      </object_component>
      <object_component id="oc-78c">
         <name>.debug_info</name>
         <load_address>0xb19c</load_address>
         <run_address>0xb19c</run_address>
         <size>0x1f8</size>
         <input_file_ref idref="fl-8"/>
      </object_component>
      <object_component id="oc-69f">
         <name>.debug_info</name>
         <load_address>0xb394</load_address>
         <run_address>0xb394</run_address>
         <size>0x197</size>
         <input_file_ref idref="fl-8"/>
      </object_component>
      <object_component id="oc-74f">
         <name>.debug_info</name>
         <load_address>0xb52b</load_address>
         <run_address>0xb52b</run_address>
         <size>0x1ba</size>
         <input_file_ref idref="fl-8"/>
      </object_component>
      <object_component id="oc-5f7">
         <name>.debug_info</name>
         <load_address>0xb6e5</load_address>
         <run_address>0xb6e5</run_address>
         <size>0x3db</size>
         <input_file_ref idref="fl-9"/>
      </object_component>
      <object_component id="oc-56c">
         <name>.debug_info</name>
         <load_address>0xbac0</load_address>
         <run_address>0xbac0</run_address>
         <size>0x100</size>
         <input_file_ref idref="fl-9"/>
      </object_component>
      <object_component id="oc-67d">
         <name>.debug_info</name>
         <load_address>0xbbc0</load_address>
         <run_address>0xbbc0</run_address>
         <size>0x272</size>
         <input_file_ref idref="fl-9"/>
      </object_component>
      <object_component id="oc-4b9">
         <name>.debug_info</name>
         <load_address>0xbe32</load_address>
         <run_address>0xbe32</run_address>
         <size>0x189</size>
         <input_file_ref idref="fl-9"/>
      </object_component>
      <object_component id="oc-511">
         <name>.debug_info</name>
         <load_address>0xbfbb</load_address>
         <run_address>0xbfbb</run_address>
         <size>0x24c</size>
         <input_file_ref idref="fl-a"/>
      </object_component>
      <object_component id="oc-669">
         <name>.debug_info</name>
         <load_address>0xc207</load_address>
         <run_address>0xc207</run_address>
         <size>0x41c</size>
         <input_file_ref idref="fl-b"/>
      </object_component>
      <object_component id="oc-660">
         <name>.debug_info</name>
         <load_address>0xc623</load_address>
         <run_address>0xc623</run_address>
         <size>0xe7</size>
         <input_file_ref idref="fl-b"/>
      </object_component>
      <object_component id="oc-65d">
         <name>.debug_info</name>
         <load_address>0xc70a</load_address>
         <run_address>0xc70a</run_address>
         <size>0xf5</size>
         <input_file_ref idref="fl-b"/>
      </object_component>
      <object_component id="oc-5bd">
         <name>.debug_info</name>
         <load_address>0xc7ff</load_address>
         <run_address>0xc7ff</run_address>
         <size>0x236</size>
         <input_file_ref idref="fl-b"/>
      </object_component>
      <object_component id="oc-5c3">
         <name>.debug_info</name>
         <load_address>0xca35</load_address>
         <run_address>0xca35</run_address>
         <size>0x176</size>
         <input_file_ref idref="fl-b"/>
      </object_component>
      <object_component id="oc-5bb">
         <name>.debug_info</name>
         <load_address>0xcbab</load_address>
         <run_address>0xcbab</run_address>
         <size>0x490</size>
         <input_file_ref idref="fl-c"/>
      </object_component>
      <object_component id="oc-548">
         <name>.debug_info</name>
         <load_address>0xd03b</load_address>
         <run_address>0xd03b</run_address>
         <size>0x147</size>
         <input_file_ref idref="fl-c"/>
      </object_component>
      <object_component id="oc-555">
         <name>.debug_info</name>
         <load_address>0xd182</load_address>
         <run_address>0xd182</run_address>
         <size>0x147</size>
         <input_file_ref idref="fl-c"/>
      </object_component>
      <object_component id="oc-541">
         <name>.debug_info</name>
         <load_address>0xd2c9</load_address>
         <run_address>0xd2c9</run_address>
         <size>0x125</size>
         <input_file_ref idref="fl-c"/>
      </object_component>
      <object_component id="oc-613">
         <name>.debug_info</name>
         <load_address>0xd3ee</load_address>
         <run_address>0xd3ee</run_address>
         <size>0x173</size>
         <input_file_ref idref="fl-c"/>
      </object_component>
      <object_component id="oc-57e">
         <name>.debug_info</name>
         <load_address>0xd561</load_address>
         <run_address>0xd561</run_address>
         <size>0x186</size>
         <input_file_ref idref="fl-c"/>
      </object_component>
      <object_component id="oc-698">
         <name>.debug_info</name>
         <load_address>0xd6e7</load_address>
         <run_address>0xd6e7</run_address>
         <size>0x12d</size>
         <input_file_ref idref="fl-c"/>
      </object_component>
      <object_component id="oc-663">
         <name>.debug_info</name>
         <load_address>0xd814</load_address>
         <run_address>0xd814</run_address>
         <size>0x132</size>
         <input_file_ref idref="fl-c"/>
      </object_component>
      <object_component id="oc-61a">
         <name>.debug_info</name>
         <load_address>0xd946</load_address>
         <run_address>0xd946</run_address>
         <size>0x16b</size>
         <input_file_ref idref="fl-c"/>
      </object_component>
      <object_component id="oc-498">
         <name>.debug_info</name>
         <load_address>0xdab1</load_address>
         <run_address>0xdab1</run_address>
         <size>0xf5</size>
         <input_file_ref idref="fl-2d"/>
      </object_component>
      <object_component id="oc-ba">
         <name>.debug_info</name>
         <load_address>0xdba6</load_address>
         <run_address>0xdba6</run_address>
         <size>0x196</size>
         <input_file_ref idref="fl-2e"/>
      </object_component>
      <object_component id="oc-500">
         <name>.debug_info</name>
         <load_address>0xdd3c</load_address>
         <run_address>0xdd3c</run_address>
         <size>0x170</size>
         <input_file_ref idref="fl-2f"/>
      </object_component>
      <object_component id="oc-74">
         <name>.debug_info</name>
         <load_address>0xdeac</load_address>
         <run_address>0xdeac</run_address>
         <size>0x245</size>
         <input_file_ref idref="fl-2f"/>
      </object_component>
      <object_component id="oc-49c">
         <name>.debug_info</name>
         <load_address>0xe0f1</load_address>
         <run_address>0xe0f1</run_address>
         <size>0x60</size>
         <input_file_ref idref="fl-2f"/>
      </object_component>
      <object_component id="oc-4fb">
         <name>.debug_info</name>
         <load_address>0xe151</load_address>
         <run_address>0xe151</run_address>
         <size>0x46</size>
         <input_file_ref idref="fl-2f"/>
      </object_component>
      <object_component id="oc-4b2">
         <name>.debug_info</name>
         <load_address>0xe197</load_address>
         <run_address>0xe197</run_address>
         <size>0x1c6</size>
         <input_file_ref idref="fl-30"/>
      </object_component>
      <object_component id="oc-7a">
         <name>.debug_info</name>
         <load_address>0xe35d</load_address>
[...]
         <name>UCA2IRCTL_H</name>
         <value>0x653</value>
      </symbol>
      <symbol id="sm-3a1">
         <name>UCA2ICTL</name>
         <value>0x65c</value>
      </symbol>
      <symbol id="sm-3a2">
         <name>UCA2ICTL_L</name>
         <value>0x65c</value>
      </symbol>
      <symbol id="sm-3a3">
         <name>UCA2ICTL_H</name>
         <value>0x65d</value>
      </symbol>
      <symbol id="sm-3a4">
         <name>UCA2IV</name>
         <value>0x65e</value>
      </symbol>
      <symbol id="sm-3a5">
         <name>UCB2CTLW0</name>
         <value>0x660</value>
      </symbol>
      <symbol id="sm-3a6">
         <name>UCB2CTLW0_L</name>
         <value>0x660</value>
      </symbol>
      <symbol id="sm-3a7">
         <name>UCB2CTLW0_H</name>
         <value>0x661</value>
      </symbol>
      <symbol id="sm-3a8">
         <name>UCB2BRW</name>
         <value>0x666</value>
      </symbol>
      <symbol id="sm-3a9">
         <name>UCB2BRW_L</name>
         <value>0x666</value>
      </symbol>
      <symbol id="sm-3aa">
         <name>UCB2BRW_H</name>
         <value>0x667</value>
      </symbol>
      <symbol id="sm-3ab">
         <name>UCB2STAT</name>
         <value>0x66a</value>
      </symbol>
      <symbol id="sm-3ac">
         <name>UCB2RXBUF</name>
         <value>0x66c</value>
      </symbol>
      <symbol id="sm-3ad">
         <name>UCB2TXBUF</name>
         <value>0x66e</value>
      </symbol>
      <symbol id="sm-3ae">
         <name>UCB2I2COA</name>
         <value>0x670</value>
      </symbol>
      <symbol id="sm-3af">
         <name>UCB2I2COA_L</name>
         <value>0x670</value>
      </symbol>
      <symbol id="sm-3b0">
         <name>UCB2I2COA_H</name>
         <value>0x671</value>
      </symbol>
      <symbol id="sm-3b1">
         <name>UCB2I2CSA</name>
         <value>0x672</value>
      </symbol>
      <symbol id="sm-3b2">
         <name>UCB2I2CSA_L</name>
         <value>0x672</value>
      </symbol>
      <symbol id="sm-3b3">
         <name>UCB2I2CSA_H</name>
         <value>0x673</value>
      </symbol>
      <symbol id="sm-3b4">
         <name>UCB2ICTL</name>
         <value>0x67c</value>
      </symbol>
      <symbol id="sm-3b5">
         <name>UCB2ICTL_L</name>
         <value>0x67c</value>
      </symbol>
      <symbol id="sm-3b6">
         <name>UCB2ICTL_H</name>
         <value>0x67d</value>
      </symbol>
      <symbol id="sm-3b7">
         <name>UCB2IV</name>
         <value>0x67e</value>
      </symbol>
      <symbol id="sm-3b8">
         <name>WDTCTL</name>
         <value>0x15c</value>
      </symbol>
      <symbol id="sm-3b9">
         <name>WDTCTL_L</name>
         <value>0x15c</value>
      </symbol>
      <symbol id="sm-3ba">
         <name>WDTCTL_H</name>
         <value>0x15d</value>
      </symbol>
      <symbol id="sm-3bb">
         <name>__TI_CINIT_Base</name>
         <value>0x8070</value>
      </symbol>
      <symbol id="sm-3bc">
         <name>__TI_CINIT_Limit</name>
         <value>0x8080</value>
      </symbol>
      <symbol id="sm-3bd">
         <name>__TI_Handler_Table_Base</name>
         <value>0x8054</value>
      </symbol>
      <symbol id="sm-3be">
         <name>__TI_Handler_Table_Limit</name>
         <value>0x8060</value>
      </symbol>
      <symbol id="sm-3bf">
         <name>__STACK_SIZE</name>
         <value>0xa0</value>
      </symbol>
      <symbol id="sm-3c0">
         <name>__STACK_END</name>
         <value>0x6400</value>
      </symbol>
      <symbol id="sm-3c1">
         <name>__c_args__</name>
         <value>0xffffffff</value>
      </symbol>
      <symbol id="sm-3c2">
         <name>__TI_pprof_out_hndl</name>
         <value>0xffffffff</value>
      </symbol>
      <symbol id="sm-3c3">
         <name>__TI_prof_data_start</name>
         <value>0xffffffff</value>
      </symbol>
      <symbol id="sm-3c4">
         <name>__TI_prof_data_size</name>
         <value>0xffffffff</value>
      </symbol>
      <symbol id="sm-461">
         <name>main</name>
         <value>0x112b0</value>
         <object_component_ref idref="oc-4e5"/>
      </symbol>
      <symbol id="sm-4a1">
         <name>uxListRemove</name>
         <value>0x1147c</value>
         <object_component_ref idref="oc-603"/>
      </symbol>
      <symbol id="sm-4a2">
         <name>vListInsert</name>
         <value>0x1143c</value>
         <object_component_ref idref="oc-6c3"/>
      </symbol>
      <symbol id="sm-4a3">
         <name>vListInitialiseItem</name>
         <value>0x118cc</value>
         <object_component_ref idref="oc-676"/>
      </symbol>
      <symbol id="sm-4a4">
         <name>vListInsertEnd</name>
         <value>0x11680</value>
         <object_component_ref idref="oc-60c"/>
      </symbol>
      <symbol id="sm-4a5">
         <name>vListInitialise</name>
         <value>0x11658</value>
         <object_component_ref idref="oc-6dd"/>
      </symbol>
      <symbol id="sm-56f">
         <name>xQueueGenericSendFromISR</name>
         <value>0x10b58</value>
         <object_component_ref idref="oc-7ac"/>
      </symbol>
      <symbol id="sm-570">
         <name>xQueueGenericCreate</name>
         <value>0x11302</value>
         <object_component_ref idref="oc-6fe"/>
      </symbol>
      <symbol id="sm-571">
         <name>xQueueGenericSend</name>
         <value>0x101c2</value>
         <object_component_ref idref="oc-7a6"/>
      </symbol>
      <symbol id="sm-572">
         <name>xQueueGenericReset</name>
         <value>0x107e0</value>
         <object_component_ref idref="oc-777"/>
      </symbol>
      <symbol id="sm-573">
         <name>xQueueGenericReceive</name>
         <value>0x10000</value>
         <object_component_ref idref="oc-770"/>
      </symbol>
      <symbol id="sm-574">
         <name>vQueueWaitForMessageRestricted</name>
         <value>0x11354</value>
         <object_component_ref idref="oc-757"/>
      </symbol>
      <symbol id="sm-6eb">
         <name>vTaskDelay</name>
         <value>0x114b6</value>
         <object_component_ref idref="oc-5b4"/>
      </symbol>
      <symbol id="sm-6ec">
         <name>vTaskSuspendAll</name>
         <value>0x118e0</value>
         <object_component_ref idref="oc-633"/>
      </symbol>
      <symbol id="sm-6ed">
         <name>vTaskPriorityInherit</name>
         <value>0x10bda</value>
         <object_component_ref idref="oc-7b9"/>
      </symbol>
      <symbol id="sm-6ee">
         <name>vTaskPlaceOnEventList</name>
         <value>0x115dc</value>
         <object_component_ref idref="oc-7bf"/>
      </symbol>
      <symbol id="sm-6ef">
         <name>xTaskCheckForTimeOut</name>
         <value>0x10e50</value>
         <object_component_ref idref="oc-7cb"/>
      </symbol>
      <symbol id="sm-6f0">
         <name>xTaskPriorityDisinherit</name>
         <value>0x10cda</value>
         <object_component_ref idref="oc-808"/>
      </symbol>
      <symbol id="sm-6f1">
         <name>vTaskStartScheduler</name>
         <value>0x1125a</value>
         <object_component_ref idref="oc-55a"/>
      </symbol>
      <symbol id="sm-6f2">
         <name>pvTaskIncrementMutexHeldCount</name>
         <value>0x11778</value>
         <object_component_ref idref="oc-7d7"/>
      </symbol>
      <symbol id="sm-6f3">
         <name>xTaskCreate</name>
         <value>0x10c5a</value>
         <object_component_ref idref="oc-54e"/>
      </symbol>
      <symbol id="sm-6f4">
         <name>vTaskMissedYield</name>
         <value>0x118da</value>
         <object_component_ref idref="oc-7e8"/>
      </symbol>
      <symbol id="sm-6f5">
         <name>xTaskResumeAll</name>
         <value>0x105b2</value>
         <object_component_ref idref="oc-63f"/>
      </symbol>
      <symbol id="sm-6f6">
         <name>xTaskGetTickCount</name>
         <value>0x11712</value>
         <object_component_ref idref="oc-785"/>
      </symbol>
      <symbol id="sm-6f7">
         <name>pxCurrentTCB</name>
         <value>0x4cd8</value>
         <object_component_ref idref="oc-56e"/>
      </symbol>
      <symbol id="sm-6f8">
         <name>vTaskPlaceOnEventListRestricted</name>
         <value>0x114ec</value>
         <object_component_ref idref="oc-791"/>
      </symbol>
      <symbol id="sm-6f9">
         <name>vTaskSetTimeOutState</name>
         <value>0x11794</value>
         <object_component_ref idref="oc-7c5"/>
      </symbol>
      <symbol id="sm-6fa">
         <name>xTaskIncrementTick</name>
         <value>0x104e6</value>
         <object_component_ref idref="oc-571"/>
      </symbol>
      <symbol id="sm-6fb">
         <name>vTaskSwitchContext</name>
         <value>0x1067a</value>
         <object_component_ref idref="oc-577"/>
      </symbol>
      <symbol id="sm-6fc">
         <name>xTaskGetSchedulerState</name>
         <value>0x117e0</value>
         <object_component_ref idref="oc-7a0"/>
      </symbol>
      <symbol id="sm-6fd">
         <name>xTaskRemoveFromEventList</name>
         <value>0x10d5a</value>
         <object_component_ref idref="oc-7dd"/>
      </symbol>
      <symbol id="sm-7a5">
         <name>xTimerCreateTimerTask</name>
         <value>0x113a2</value>
         <object_component_ref idref="oc-5ed"/>
      </symbol>
      <symbol id="sm-7a6">
         <name>xTimerGenericCommand</name>
         <value>0x10ec8</value>
         <object_component_ref idref="oc-76a"/>
      </symbol>
      <symbol id="sm-7bf">
         <name>__TI_int53</name>
         <value>0xffea</value>
         <object_component_ref idref="oc-91"/>
      </symbol>
      <symbol id="sm-7c0">
         <name>vTickISREntry</name>
         <value>0x801a</value>
         <object_component_ref idref="oc-4b8"/>
      </symbol>
      <symbol id="sm-7c1">
         <name>usCriticalNesting</name>
         <value>0x4d0a</value>
         <object_component_ref idref="oc-56b"/>
      </symbol>
      <symbol id="sm-7c2">
         <name>pxPortInitialiseStack</name>
         <value>0x116ee</value>
         <object_component_ref idref="oc-67c"/>
      </symbol>
      <symbol id="sm-7ca">
         <name>vPortCooperativeTickISR</name>
         <value>0x1076a</value>
         <object_component_ref idref="oc-510"/>
      </symbol>
      <symbol id="sm-7cb">
         <name>vPortPreemptiveTickISR</name>
         <value>0x1073a</value>
         <object_component_ref idref="oc-510"/>
      </symbol>
      <symbol id="sm-7cc">
         <name>vPortYield</name>
         <value>0x10796</value>
         <object_component_ref idref="oc-510"/>
      </symbol>
      <symbol id="sm-7cd">
         <name>xPortStartScheduler</name>
         <value>0x107c6</value>
         <object_component_ref idref="oc-510"/>
      </symbol>
      <symbol id="sm-7f3">
         <name>pvPortMalloc</name>
         <value>0x11144</value>
         <object_component_ref idref="oc-5bc"/>
      </symbol>
      <symbol id="sm-7f4">
         <name>vPortFree</name>
         <value>0x11896</value>
         <object_component_ref idref="oc-5c2"/>
      </symbol>
      <symbol id="sm-838">
         <name>vApplicationStackOverflowHook</name>
         <value>0x118b8</value>
         <object_component_ref idref="oc-619"/>
      </symbol>
      <symbol id="sm-839">
         <name>prvLed2Task</name>
         <value>0x11886</value>
         <object_component_ref idref="oc-554"/>
      </symbol>
      <symbol id="sm-83a">
         <name>prvLed1Task</name>
         <value>0x11736</value>
         <object_component_ref idref="oc-547"/>
      </symbol>
      <symbol id="sm-83b">
         <name>vApplicationIdleHook</name>
         <value>0x118a4</value>
         <object_component_ref idref="oc-697"/>
      </symbol>
      <symbol id="sm-83c">
         <name>vApplicationSetupTimerInterrupt</name>
         <value>0x11552</value>
         <object_component_ref idref="oc-57d"/>
      </symbol>
      <symbol id="sm-83d">
         <name>vApplicationTickHook</name>
         <value>0x118c2</value>
         <object_component_ref idref="oc-612"/>
      </symbol>
      <symbol id="sm-83e">
         <name>prvSetupHardware</name>
         <value>0x117b0</value>
         <object_component_ref idref="oc-540"/>
      </symbol>
      <symbol id="sm-83f">
         <name>vApplicationMallocFailedHook</name>
         <value>0x118ae</value>
         <object_component_ref idref="oc-662"/>
      </symbol>
      <symbol id="sm-847">
         <name>_stack</name>
         <value>0x6360</value>
         <object_component_ref idref="oc-497"/>
      </symbol>
      <symbol id="sm-848">
         <name>_reset_vector</name>
         <value>0xfffe</value>
         <object_component_ref idref="oc-49a"/>
      </symbol>
      <symbol id="sm-852">
         <name>_c_int00_noargs_noexit</name>
         <value>0x8000</value>
         <object_component_ref idref="oc-b9"/>
      </symbol>
      <symbol id="sm-870">
         <name>__TI_decompress_lzss</name>
         <value>0x10dd8</value>
         <object_component_ref idref="oc-73"/>
      </symbol>
      <symbol id="sm-886">
         <name>__TI_decompress_none</name>
         <value>0x11864</value>
         <object_component_ref idref="oc-79"/>
      </symbol>
      <symbol id="sm-899">
         <name>__TI_zero_init</name>
         <value>0x116a6</value>
         <object_component_ref idref="oc-9b"/>
      </symbol>
      <symbol id="sm-8a3">
         <name>__mspabi_remu</name>
         <value>0x1183a</value>
         <object_component_ref idref="oc-620"/>
      </symbol>
      <symbol id="sm-8a4">
         <name>__mspabi_divu</name>
         <value>0x1183a</value>
         <object_component_ref idref="oc-620"/>
      </symbol>
      <symbol id="sm-8ae">
         <name>C$$EXIT</name>
         <value>0x118d4</value>
         <object_component_ref idref="oc-4ed"/>
      </symbol>
      <symbol id="sm-8af">
         <name>abort</name>
         <value>0x118d4</value>
         <object_component_ref idref="oc-4ed"/>
      </symbol>
      <symbol id="sm-8b3">
         <name>__TI_int35</name>
         <value>0xffc6</value>
         <object_component_ref idref="oc-7f"/>
      </symbol>
      <symbol id="sm-8b6">
         <name>__TI_int36</name>
         <value>0xffc8</value>
         <object_component_ref idref="oc-80"/>
      </symbol>
      <symbol id="sm-8b9">
         <name>__TI_int37</name>
         <value>0xffca</value>
         <object_component_ref idref="oc-81"/>
      </symbol>
      <symbol id="sm-8bc">
         <name>__TI_int38</name>
         <value>0xffcc</value>
         <object_component_ref idref="oc-82"/>
      </symbol>
      <symbol id="sm-8bf">
         <name>__TI_int39</name>
         <value>0xffce</value>
         <object_component_ref idref="oc-83"/>
      </symbol>
      <symbol id="sm-8c2">
         <name>__TI_int40</name>
         <value>0xffd0</value>
         <object_component_ref idref="oc-84"/>
      </symbol>
      <symbol id="sm-8c5">
         <name>__TI_int41</name>
         <value>0xffd2</value>
         <object_component_ref idref="oc-85"/>
      </symbol>
      <symbol id="sm-8c8">
         <name>__TI_int42</name>
         <value>0xffd4</value>
         <object_component_ref idref="oc-86"/>
      </symbol>
      <symbol id="sm-8cb">
         <name>__TI_int43</name>
         <value>0xffd6</value>
         <object_component_ref idref="oc-87"/>
      </symbol>
      <symbol id="sm-8ce">
         <name>__TI_int44</name>
         <value>0xffd8</value>
         <object_component_ref idref="oc-88"/>
      </symbol>
      <symbol id="sm-8d1">
         <name>__TI_int45</name>
         <value>0xffda</value>
         <object_component_ref idref="oc-89"/>
      </symbol>
      <symbol id="sm-8d4">
         <name>__TI_int46</name>
         <value>0xffdc</value>
         <object_component_ref idref="oc-8a"/>
      </symbol>
      <symbol id="sm-8d7">
         <name>__TI_int47</name>
         <value>0xffde</value>
         <object_component_ref idref="oc-8b"/>
      </symbol>
      <symbol id="sm-8da">
         <name>__TI_int48</name>
         <value>0xffe0</value>
         <object_component_ref idref="oc-8c"/>
      </symbol>
      <symbol id="sm-8dd">
         <name>__TI_int49</name>
         <value>0xffe2</value>
         <object_component_ref idref="oc-8d"/>
      </symbol>
      <symbol id="sm-8e0">
         <name>__TI_int50</name>
         <value>0xffe4</value>
         <object_component_ref idref="oc-8e"/>
      </symbol>
      <symbol id="sm-8e3">
         <name>__TI_int51</name>
         <value>0xffe6</value>
         <object_component_ref idref="oc-8f"/>
      </symbol>
      <symbol id="sm-8e6">
         <name>__TI_int52</name>
         <value>0xffe8</value>
         <object_component_ref idref="oc-90"/>
      </symbol>
      <symbol id="sm-8e9">
         <name>__TI_int54</name>
         <value>0xffec</value>
         <object_component_ref idref="oc-92"/>
      </symbol>
      <symbol id="sm-8ec">
         <name>__TI_int55</name>
         <value>0xffee</value>
         <object_component_ref idref="oc-93"/>
      </symbol>
      <symbol id="sm-8ef">
         <name>__TI_int56</name>
         <value>0xfff0</value>
         <object_component_ref idref="oc-94"/>
      </symbol>
      <symbol id="sm-8f2">
         <name>__TI_int57</name>
         <value>0xfff2</value>
         <object_component_ref idref="oc-95"/>
      </symbol>
      <symbol id="sm-8f5">
         <name>__TI_int58</name>
         <value>0xfff4</value>
         <object_component_ref idref="oc-96"/>
      </symbol>
      <symbol id="sm-8f8">
         <name>__TI_int59</name>
         <value>0xfff6</value>
         <object_component_ref idref="oc-97"/>
      </symbol>
      <symbol id="sm-8fb">
         <name>__TI_int60</name>
         <value>0xfff8</value>
         <object_component_ref idref="oc-98"/>
      </symbol>
      <symbol id="sm-8fe">
         <name>__TI_int61</name>
         <value>0xfffa</value>
         <object_component_ref idref="oc-99"/>
      </symbol>
      <symbol id="sm-901">
         <name>__TI_int62</name>
         <value>0xfffc</value>
         <object_component_ref idref="oc-9a"/>
      </symbol>
      <symbol id="sm-909">
         <name>__TI_ISR_TRAP</name>
         <value>0x802a</value>
         <object_component_ref idref="oc-4b3"/>
      </symbol>
      <symbol id="sm-91c">
         <name>memcpy</name>
         <value>0x11850</value>
         <object_component_ref idref="oc-4a6"/>
      </symbol>
      <symbol id="sm-92a">
         <name>memset</name>
         <value>0x117f8</value>
         <object_component_ref idref="oc-670"/>
      </symbol>
      <symbol id="sm-935">
         <name>__mspabi_mpyi_f5hw</name>
         <value>0x117c8</value>
         <object_component_ref idref="oc-584"/>
      </symbol>
      <symbol id="sm-941">
         <name>_system_pre_init</name>
         <value>0x118e6</value>
         <object_component_ref idref="oc-4c5"/>
      </symbol>
      <symbol id="sm-965">
         <name>_auto_init_hold_wdt</name>
         <value>0x10ad6</value>
         <object_component_ref idref="oc-4cb"/>
      </symbol>
      <symbol id="sm-97b">
         <name>copy_in</name>
         <value>0x11014</value>
         <object_component_ref idref="oc-519"/>
      </symbol>
      <symbol id="sm-984">
         <name>_system_post_cinit</name>
         <value>0x118ea</value>
         <object_component_ref idref="oc-51f"/>
      </symbol>
      <symbol id="sm-986">
         <name>__TI_BINIT_Base</name>
         <value>0x0</value>
      </symbol>
      <symbol id="sm-987">
         <name>__TI_BINIT_Limit</name>
         <value>0x0</value>
      </symbol>
      <symbol id="sm-988">
         <name>__TI_INITARRAY_Base</name>
         <value>0x0</value>
      </symbol>
      <symbol id="sm-989">
         <name>__TI_INITARRAY_Limit</name>
         <value>0x0</value>
      </symbol>
      <symbol id="sm-98a">
         <name>vPortSetupTimerInterrupt</name>
         <value>0x11552</value>
      </symbol>
   </symbol_table>
   <title>Link successful</title>
</link_info>
